<!doctype html public "-//w3c//dtd html 4.0 transitional//en">
<html><head>
<title>Static Call Graph - [.\out_DA14585\Objects\batt_lvl_585.axf]</title></head>
<body><HR>
<H1>Static Call Graph for image .\out_DA14585\Objects\batt_lvl_585.axf</H1><HR>
<BR><P>#&#060CALLGRAPH&#062# ARM Linker, 5060960: Last Updated: Wed Mar 08 11:24:20 2023
<BR><P>
<H3>Maximum Stack Usage =        160 bytes + Unknown(Untraceable Function Pointers)</H3><H3>
Call chain for Maximum Stack Depth:</H3>
main &rArr; adc_read_volt_curr &rArr; __aeabi_dmul &rArr; _double_epilogue &rArr; __aeabi_llsr
<P>
<H3>
Function Pointers
</H3><UL>
 <LI><a href="#[c]">ADC_Handler</a> from adc_58x.o(.text) referenced from startup_da14585_586.o(RESET)
 <LI><a href="#[e]">BLE_RF_DIAG_Handler</a> from startup_da14585_586.o(.text) referenced from startup_da14585_586.o(RESET)
 <LI><a href="#[6]">BLE_WAKEUP_LP_Handler</a> from startup_da14585_586.o(.text) referenced from startup_da14585_586.o(RESET)
 <LI><a href="#[1a]">DMA_Handler</a> from startup_da14585_586.o(.text) referenced from startup_da14585_586.o(RESET)
 <LI><a href="#[10]">GPIO0_Handler</a> from gpio.o(.text) referenced from startup_da14585_586.o(RESET)
 <LI><a href="#[11]">GPIO1_Handler</a> from gpio.o(.text) referenced from startup_da14585_586.o(RESET)
 <LI><a href="#[12]">GPIO2_Handler</a> from gpio.o(.text) referenced from startup_da14585_586.o(RESET)
 <LI><a href="#[13]">GPIO3_Handler</a> from gpio.o(.text) referenced from startup_da14585_586.o(RESET)
 <LI><a href="#[14]">GPIO4_Handler</a> from gpio.o(.text) referenced from startup_da14585_586.o(RESET)
 <LI><a href="#[2]">HardFault_Handler</a> from startup_da14585_586.o(.text) referenced from startup_da14585_586.o(RESET)
 <LI><a href="#[22]">HardFault_HandlerC</a> from exceptions.o(.text) referenced from startup_da14585_586.o(.text)
 <LI><a href="#[a]">I2C_Handler</a> from startup_da14585_586.o(.text) referenced from startup_da14585_586.o(RESET)
 <LI><a href="#[d]">KEYBRD_Handler</a> from startup_da14585_586.o(.text) referenced from startup_da14585_586.o(RESET)
 <LI><a href="#[1]">NMI_Handler</a> from startup_da14585_586.o(.text) referenced from startup_da14585_586.o(RESET)
 <LI><a href="#[21]">NMI_HandlerC</a> from exceptions.o(.text) referenced from startup_da14585_586.o(.text)
 <LI><a href="#[17]">PCM_Handler</a> from startup_da14585_586.o(.text) referenced from startup_da14585_586.o(RESET)
 <LI><a href="#[4]">PendSV_Handler</a> from startup_da14585_586.o(.text) referenced from startup_da14585_586.o(RESET)
 <LI><a href="#[1b]">RESERVED21_Handler</a> from startup_da14585_586.o(.text) referenced from startup_da14585_586.o(RESET)
 <LI><a href="#[1c]">RESERVED22_Handler</a> from startup_da14585_586.o(.text) referenced from startup_da14585_586.o(RESET)
 <LI><a href="#[1d]">RESERVED23_Handler</a> from startup_da14585_586.o(.text) referenced from startup_da14585_586.o(RESET)
 <LI><a href="#[f]">RFCAL_Handler</a> from startup_da14585_586.o(.text) referenced from startup_da14585_586.o(RESET)
 <LI><a href="#[0]">Reset_Handler</a> from startup_da14585_586.o(.text) referenced from startup_da14585_586.o(RESET)
 <LI><a href="#[b]">SPI_Handler</a> from startup_da14585_586.o(.text) referenced from startup_da14585_586.o(RESET)
 <LI><a href="#[18]">SRCIN_Handler</a> from startup_da14585_586.o(.text) referenced from startup_da14585_586.o(RESET)
 <LI><a href="#[19]">SRCOUT_Handler</a> from startup_da14585_586.o(.text) referenced from startup_da14585_586.o(RESET)
 <LI><a href="#[3]">SVC_Handler</a> from startup_da14585_586.o(.text) referenced from startup_da14585_586.o(RESET)
 <LI><a href="#[15]">SWTIM_Handler</a> from timer0.o(.text) referenced from startup_da14585_586.o(RESET)
 <LI><a href="#[5]">SysTick_Handler</a> from systick.o(.text) referenced from startup_da14585_586.o(RESET)
 <LI><a href="#[1f]">SystemInit</a> from system_da14585_586.o(.text) referenced from startup_da14585_586.o(.text)
 <LI><a href="#[9]">UART2_Handler</a> from uart.o(.text) referenced from startup_da14585_586.o(RESET)
 <LI><a href="#[8]">UART_Handler</a> from uart.o(.text) referenced from startup_da14585_586.o(RESET)
 <LI><a href="#[16]">WKUP_QUADEC_Handler</a> from startup_da14585_586.o(.text) referenced from startup_da14585_586.o(RESET)
 <LI><a href="#[20]">__main</a> from entry.o(.ARM.Collect$$$$00000000) referenced from startup_da14585_586.o(.text)
 <LI><a href="#[1e]">main</a> from main.o(.text) referenced from entry9a.o(.ARM.Collect$$$$0000000B)
 <LI><a href="#[7]">rwble_isr</a> from startup_da14585_586.o(.text) referenced from startup_da14585_586.o(RESET)
 <LI><a href="#[23]">systick_isr</a> from main.o(.text) referenced from main.o(.text)
 <LI><a href="#[24]">timer0_general_callback_function</a> from display.o(.text) referenced from display.o(.text)
</UL>
<P>
<H3>
Global Symbols
</H3>
<P><STRONG><a name="[20]"></a>__main</STRONG> (Thumb, 0 bytes, Stack size unknown bytes, entry.o(.ARM.Collect$$$$00000000))
<BR>[Address Reference Count : 1]<UL><LI> startup_da14585_586.o(.text)
</UL>
<P><STRONG><a name="[74]"></a>_main_stk</STRONG> (Thumb, 0 bytes, Stack size unknown bytes, entry2.o(.ARM.Collect$$$$00000001))

<P><STRONG><a name="[25]"></a>_main_scatterload</STRONG> (Thumb, 0 bytes, Stack size unknown bytes, entry5.o(.ARM.Collect$$$$00000004))
<BR><BR>[Calls]<UL><LI><a href="#[26]">&gt;&gt;</a>&nbsp;&nbsp;&nbsp;__scatterload
</UL>

<P><STRONG><a name="[68]"></a>__main_after_scatterload</STRONG> (Thumb, 0 bytes, Stack size unknown bytes, entry5.o(.ARM.Collect$$$$00000004))
<BR><BR>[Called By]<UL><LI><a href="#[26]">&gt;&gt;</a>&nbsp;&nbsp;&nbsp;__scatterload
</UL>

<P><STRONG><a name="[75]"></a>_main_clock</STRONG> (Thumb, 0 bytes, Stack size unknown bytes, entry7b.o(.ARM.Collect$$$$00000008))

<P><STRONG><a name="[76]"></a>_main_cpp_init</STRONG> (Thumb, 0 bytes, Stack size unknown bytes, entry8b.o(.ARM.Collect$$$$0000000A))

<P><STRONG><a name="[77]"></a>_main_init</STRONG> (Thumb, 0 bytes, Stack size unknown bytes, entry9a.o(.ARM.Collect$$$$0000000B))

<P><STRONG><a name="[27]"></a>__rt_lib_shutdown_fini</STRONG> (Thumb, 0 bytes, Stack size unknown bytes, entry12b.o(.ARM.Collect$$$$0000000E))
<BR><BR>[Calls]<UL><LI><a href="#[28]">&gt;&gt;</a>&nbsp;&nbsp;&nbsp;__arm_fini_ (Weak Reference)
</UL>

<P><STRONG><a name="[78]"></a>__rt_final_cpp</STRONG> (Thumb, 0 bytes, Stack size unknown bytes, entry10a.o(.ARM.Collect$$$$0000000F))

<P><STRONG><a name="[79]"></a>__rt_final_exit</STRONG> (Thumb, 0 bytes, Stack size unknown bytes, entry11a.o(.ARM.Collect$$$$00000011))

<P><STRONG><a name="[1f]"></a>SystemInit</STRONG> (Thumb, 38 bytes, Stack size 8 bytes, system_da14585_586.o(.text))
<BR><BR>[Stack]<UL><LI>Max Depth = 8<LI>Call Chain = SystemInit
</UL>
<BR>[Calls]<UL><LI><a href="#[29]">&gt;&gt;</a>&nbsp;&nbsp;&nbsp;__NVIC_DisableIRQ
</UL>
<BR>[Address Reference Count : 1]<UL><LI> startup_da14585_586.o(.text)
</UL>
<P><STRONG><a name="[0]"></a>Reset_Handler</STRONG> (Thumb, 8 bytes, Stack size 0 bytes, startup_da14585_586.o(.text))
<BR>[Address Reference Count : 1]<UL><LI> startup_da14585_586.o(RESET)
</UL>
<P><STRONG><a name="[3]"></a>SVC_Handler</STRONG> (Thumb, 2 bytes, Stack size 0 bytes, startup_da14585_586.o(.text))
<BR>[Address Reference Count : 1]<UL><LI> startup_da14585_586.o(RESET)
</UL>
<P><STRONG><a name="[4]"></a>PendSV_Handler</STRONG> (Thumb, 2 bytes, Stack size 0 bytes, startup_da14585_586.o(.text))
<BR>[Address Reference Count : 1]<UL><LI> startup_da14585_586.o(RESET)
</UL>
<P><STRONG><a name="[e]"></a>BLE_RF_DIAG_Handler</STRONG> (Thumb, 0 bytes, Stack size 0 bytes, startup_da14585_586.o(.text))
<BR>[Address Reference Count : 1]<UL><LI> startup_da14585_586.o(RESET)
</UL>
<P><STRONG><a name="[6]"></a>BLE_WAKEUP_LP_Handler</STRONG> (Thumb, 0 bytes, Stack size 0 bytes, startup_da14585_586.o(.text))
<BR>[Address Reference Count : 1]<UL><LI> startup_da14585_586.o(RESET)
</UL>
<P><STRONG><a name="[1a]"></a>DMA_Handler</STRONG> (Thumb, 0 bytes, Stack size 0 bytes, startup_da14585_586.o(.text))
<BR>[Address Reference Count : 1]<UL><LI> startup_da14585_586.o(RESET)
</UL>
<P><STRONG><a name="[a]"></a>I2C_Handler</STRONG> (Thumb, 0 bytes, Stack size 0 bytes, startup_da14585_586.o(.text))
<BR>[Address Reference Count : 1]<UL><LI> startup_da14585_586.o(RESET)
</UL>
<P><STRONG><a name="[d]"></a>KEYBRD_Handler</STRONG> (Thumb, 0 bytes, Stack size 0 bytes, startup_da14585_586.o(.text))
<BR>[Address Reference Count : 1]<UL><LI> startup_da14585_586.o(RESET)
</UL>
<P><STRONG><a name="[17]"></a>PCM_Handler</STRONG> (Thumb, 0 bytes, Stack size 0 bytes, startup_da14585_586.o(.text))
<BR>[Address Reference Count : 1]<UL><LI> startup_da14585_586.o(RESET)
</UL>
<P><STRONG><a name="[1b]"></a>RESERVED21_Handler</STRONG> (Thumb, 0 bytes, Stack size 0 bytes, startup_da14585_586.o(.text))
<BR>[Address Reference Count : 1]<UL><LI> startup_da14585_586.o(RESET)
</UL>
<P><STRONG><a name="[1c]"></a>RESERVED22_Handler</STRONG> (Thumb, 0 bytes, Stack size 0 bytes, startup_da14585_586.o(.text))
<BR>[Address Reference Count : 1]<UL><LI> startup_da14585_586.o(RESET)
</UL>
<P><STRONG><a name="[1d]"></a>RESERVED23_Handler</STRONG> (Thumb, 0 bytes, Stack size 0 bytes, startup_da14585_586.o(.text))
<BR>[Address Reference Count : 1]<UL><LI> startup_da14585_586.o(RESET)
</UL>
<P><STRONG><a name="[f]"></a>RFCAL_Handler</STRONG> (Thumb, 0 bytes, Stack size 0 bytes, startup_da14585_586.o(.text))
<BR>[Address Reference Count : 1]<UL><LI> startup_da14585_586.o(RESET)
</UL>
<P><STRONG><a name="[b]"></a>SPI_Handler</STRONG> (Thumb, 0 bytes, Stack size 0 bytes, startup_da14585_586.o(.text))
<BR>[Address Reference Count : 1]<UL><LI> startup_da14585_586.o(RESET)
</UL>
<P><STRONG><a name="[18]"></a>SRCIN_Handler</STRONG> (Thumb, 0 bytes, Stack size 0 bytes, startup_da14585_586.o(.text))
<BR>[Address Reference Count : 1]<UL><LI> startup_da14585_586.o(RESET)
</UL>
<P><STRONG><a name="[19]"></a>SRCOUT_Handler</STRONG> (Thumb, 0 bytes, Stack size 0 bytes, startup_da14585_586.o(.text))
<BR>[Address Reference Count : 1]<UL><LI> startup_da14585_586.o(RESET)
</UL>
<P><STRONG><a name="[16]"></a>WKUP_QUADEC_Handler</STRONG> (Thumb, 0 bytes, Stack size 0 bytes, startup_da14585_586.o(.text))
<BR>[Address Reference Count : 1]<UL><LI> startup_da14585_586.o(RESET)
</UL>
<P><STRONG><a name="[7]"></a>rwble_isr</STRONG> (Thumb, 0 bytes, Stack size 0 bytes, startup_da14585_586.o(.text))
<BR>[Address Reference Count : 1]<UL><LI> startup_da14585_586.o(RESET)
</UL>
<P><STRONG><a name="[22]"></a>HardFault_HandlerC</STRONG> (Thumb, 2 bytes, Stack size 0 bytes, exceptions.o(.text))
<BR>[Address Reference Count : 1]<UL><LI> startup_da14585_586.o(.text)
</UL>
<P><STRONG><a name="[21]"></a>NMI_HandlerC</STRONG> (Thumb, 2 bytes, Stack size 0 bytes, exceptions.o(.text))
<BR>[Address Reference Count : 1]<UL><LI> startup_da14585_586.o(.text)
</UL>
<P><STRONG><a name="[4d]"></a>GPIO_init</STRONG> (Thumb, 2 bytes, Stack size 0 bytes, gpio.o(.text))
<BR><BR>[Called By]<UL><LI><a href="#[40]">&gt;&gt;</a>&nbsp;&nbsp;&nbsp;system_init
</UL>

<P><STRONG><a name="[2d]"></a>GPIO_SetPinFunction</STRONG> (Thumb, 24 bytes, Stack size 8 bytes, gpio.o(.text))
<BR><BR>[Stack]<UL><LI>Max Depth = 8<LI>Call Chain = GPIO_SetPinFunction
</UL>
<BR>[Called By]<UL><LI><a href="#[2a]">&gt;&gt;</a>&nbsp;&nbsp;&nbsp;GPIO_ConfigurePin
<LI><a href="#[41]">&gt;&gt;</a>&nbsp;&nbsp;&nbsp;adc_channels_init
</UL>

<P><STRONG><a name="[2c]"></a>GPIO_SetInactive</STRONG> (Thumb, 20 bytes, Stack size 0 bytes, gpio.o(.text))
<BR><BR>[Called By]<UL><LI><a href="#[2a]">&gt;&gt;</a>&nbsp;&nbsp;&nbsp;GPIO_ConfigurePin
<LI><a href="#[24]">&gt;&gt;</a>&nbsp;&nbsp;&nbsp;timer0_general_callback_function
</UL>

<P><STRONG><a name="[2b]"></a>GPIO_SetActive</STRONG> (Thumb, 20 bytes, Stack size 0 bytes, gpio.o(.text))
<BR><BR>[Called By]<UL><LI><a href="#[2a]">&gt;&gt;</a>&nbsp;&nbsp;&nbsp;GPIO_ConfigurePin
<LI><a href="#[24]">&gt;&gt;</a>&nbsp;&nbsp;&nbsp;timer0_general_callback_function
</UL>

<P><STRONG><a name="[2a]"></a>GPIO_ConfigurePin</STRONG> (Thumb, 38 bytes, Stack size 16 bytes, gpio.o(.text))
<BR><BR>[Stack]<UL><LI>Max Depth = 24<LI>Call Chain = GPIO_ConfigurePin &rArr; GPIO_SetPinFunction
</UL>
<BR>[Calls]<UL><LI><a href="#[2b]">&gt;&gt;</a>&nbsp;&nbsp;&nbsp;GPIO_SetActive
<LI><a href="#[2c]">&gt;&gt;</a>&nbsp;&nbsp;&nbsp;GPIO_SetInactive
<LI><a href="#[2d]">&gt;&gt;</a>&nbsp;&nbsp;&nbsp;GPIO_SetPinFunction
</UL>
<BR>[Called By]<UL><LI><a href="#[4c]">&gt;&gt;</a>&nbsp;&nbsp;&nbsp;periph_init
<LI><a href="#[42]">&gt;&gt;</a>&nbsp;&nbsp;&nbsp;display_init
</UL>

<P><STRONG><a name="[2e]"></a>GPIO_ResetIRQ</STRONG> (Thumb, 32 bytes, Stack size 16 bytes, gpio.o(.text))
<BR><BR>[Stack]<UL><LI>Max Depth = 16<LI>Call Chain = GPIO_ResetIRQ
</UL>
<BR>[Calls]<UL><LI><a href="#[2f]">&gt;&gt;</a>&nbsp;&nbsp;&nbsp;gpioshift16
</UL>
<BR>[Called By]<UL><LI><a href="#[30]">&gt;&gt;</a>&nbsp;&nbsp;&nbsp;GPIOn_Handler
</UL>

<P><STRONG><a name="[30]"></a>GPIOn_Handler</STRONG> (Thumb, 52 bytes, Stack size 8 bytes, gpio.o(.text))
<BR><BR>[Stack]<UL><LI>Max Depth = 24<LI>Call Chain = GPIOn_Handler &rArr; GPIO_ResetIRQ
</UL>
<BR>[Calls]<UL><LI><a href="#[2e]">&gt;&gt;</a>&nbsp;&nbsp;&nbsp;GPIO_ResetIRQ
</UL>
<BR>[Called By]<UL><LI><a href="#[14]">&gt;&gt;</a>&nbsp;&nbsp;&nbsp;GPIO4_Handler
<LI><a href="#[13]">&gt;&gt;</a>&nbsp;&nbsp;&nbsp;GPIO3_Handler
<LI><a href="#[12]">&gt;&gt;</a>&nbsp;&nbsp;&nbsp;GPIO2_Handler
<LI><a href="#[11]">&gt;&gt;</a>&nbsp;&nbsp;&nbsp;GPIO1_Handler
<LI><a href="#[10]">&gt;&gt;</a>&nbsp;&nbsp;&nbsp;GPIO0_Handler
</UL>

<P><STRONG><a name="[10]"></a>GPIO0_Handler</STRONG> (Thumb, 4 bytes, Stack size 0 bytes, gpio.o(.text))
<BR><BR>[Stack]<UL><LI>Max Depth = 24<LI>Call Chain = GPIO0_Handler &rArr; GPIOn_Handler &rArr; GPIO_ResetIRQ
</UL>
<BR>[Calls]<UL><LI><a href="#[30]">&gt;&gt;</a>&nbsp;&nbsp;&nbsp;GPIOn_Handler
</UL>
<BR>[Address Reference Count : 1]<UL><LI> startup_da14585_586.o(RESET)
</UL>
<P><STRONG><a name="[11]"></a>GPIO1_Handler</STRONG> (Thumb, 4 bytes, Stack size 0 bytes, gpio.o(.text))
<BR><BR>[Stack]<UL><LI>Max Depth = 24<LI>Call Chain = GPIO1_Handler &rArr; GPIOn_Handler &rArr; GPIO_ResetIRQ
</UL>
<BR>[Calls]<UL><LI><a href="#[30]">&gt;&gt;</a>&nbsp;&nbsp;&nbsp;GPIOn_Handler
</UL>
<BR>[Address Reference Count : 1]<UL><LI> startup_da14585_586.o(RESET)
</UL>
<P><STRONG><a name="[12]"></a>GPIO2_Handler</STRONG> (Thumb, 4 bytes, Stack size 0 bytes, gpio.o(.text))
<BR><BR>[Stack]<UL><LI>Max Depth = 24<LI>Call Chain = GPIO2_Handler &rArr; GPIOn_Handler &rArr; GPIO_ResetIRQ
</UL>
<BR>[Calls]<UL><LI><a href="#[30]">&gt;&gt;</a>&nbsp;&nbsp;&nbsp;GPIOn_Handler
</UL>
<BR>[Address Reference Count : 1]<UL><LI> startup_da14585_586.o(RESET)
</UL>
<P><STRONG><a name="[13]"></a>GPIO3_Handler</STRONG> (Thumb, 4 bytes, Stack size 0 bytes, gpio.o(.text))
<BR><BR>[Stack]<UL><LI>Max Depth = 24<LI>Call Chain = GPIO3_Handler &rArr; GPIOn_Handler &rArr; GPIO_ResetIRQ
</UL>
<BR>[Calls]<UL><LI><a href="#[30]">&gt;&gt;</a>&nbsp;&nbsp;&nbsp;GPIOn_Handler
</UL>
<BR>[Address Reference Count : 1]<UL><LI> startup_da14585_586.o(RESET)
</UL>
<P><STRONG><a name="[14]"></a>GPIO4_Handler</STRONG> (Thumb, 4 bytes, Stack size 0 bytes, gpio.o(.text))
<BR><BR>[Stack]<UL><LI>Max Depth = 24<LI>Call Chain = GPIO4_Handler &rArr; GPIOn_Handler &rArr; GPIO_ResetIRQ
</UL>
<BR>[Calls]<UL><LI><a href="#[30]">&gt;&gt;</a>&nbsp;&nbsp;&nbsp;GPIOn_Handler
</UL>
<BR>[Address Reference Count : 1]<UL><LI> startup_da14585_586.o(RESET)
</UL>
<P><STRONG><a name="[8]"></a>UART_Handler</STRONG> (Thumb, 4 bytes, Stack size 0 bytes, uart.o(.text))
<BR><BR>[Stack]<UL><LI>Max Depth = 32<LI>Call Chain = UART_Handler &rArr; uart_intr_hndl &rArr; uart_tx_isr
</UL>
<BR>[Calls]<UL><LI><a href="#[31]">&gt;&gt;</a>&nbsp;&nbsp;&nbsp;uart_intr_hndl
</UL>
<BR>[Address Reference Count : 1]<UL><LI> startup_da14585_586.o(RESET)
</UL>
<P><STRONG><a name="[9]"></a>UART2_Handler</STRONG> (Thumb, 4 bytes, Stack size 0 bytes, uart.o(.text))
<BR><BR>[Stack]<UL><LI>Max Depth = 32<LI>Call Chain = UART2_Handler &rArr; uart_intr_hndl &rArr; uart_tx_isr
</UL>
<BR>[Calls]<UL><LI><a href="#[31]">&gt;&gt;</a>&nbsp;&nbsp;&nbsp;uart_intr_hndl
</UL>
<BR>[Address Reference Count : 1]<UL><LI> startup_da14585_586.o(RESET)
</UL>
<P><STRONG><a name="[35]"></a>uart_enable</STRONG> (Thumb, 48 bytes, Stack size 0 bytes, uart.o(.text))
<BR><BR>[Called By]<UL><LI><a href="#[34]">&gt;&gt;</a>&nbsp;&nbsp;&nbsp;uart_initialize
</UL>

<P><STRONG><a name="[36]"></a>uart_baudrate_setf</STRONG> (Thumb, 50 bytes, Stack size 8 bytes, uart.o(.text))
<BR><BR>[Stack]<UL><LI>Max Depth = 8<LI>Call Chain = uart_baudrate_setf
</UL>
<BR>[Called By]<UL><LI><a href="#[34]">&gt;&gt;</a>&nbsp;&nbsp;&nbsp;uart_initialize
</UL>

<P><STRONG><a name="[34]"></a>uart_initialize</STRONG> (Thumb, 162 bytes, Stack size 16 bytes, uart.o(.text))
<BR><BR>[Stack]<UL><LI>Max Depth = 24<LI>Call Chain = uart_initialize &rArr; uart_baudrate_setf
</UL>
<BR>[Calls]<UL><LI><a href="#[36]">&gt;&gt;</a>&nbsp;&nbsp;&nbsp;uart_baudrate_setf
<LI><a href="#[35]">&gt;&gt;</a>&nbsp;&nbsp;&nbsp;uart_enable
</UL>
<BR>[Called By]<UL><LI><a href="#[4c]">&gt;&gt;</a>&nbsp;&nbsp;&nbsp;periph_init
</UL>

<P><STRONG><a name="[3e]"></a>adc_set_diff_input</STRONG> (Thumb, 18 bytes, Stack size 0 bytes, adc_58x.o(.text))
<BR><BR>[Called By]<UL><LI><a href="#[39]">&gt;&gt;</a>&nbsp;&nbsp;&nbsp;adc_configure
</UL>

<P><STRONG><a name="[3f]"></a>adc_set_se_input</STRONG> (Thumb, 18 bytes, Stack size 0 bytes, adc_58x.o(.text))
<BR><BR>[Called By]<UL><LI><a href="#[39]">&gt;&gt;</a>&nbsp;&nbsp;&nbsp;adc_configure
<LI><a href="#[45]">&gt;&gt;</a>&nbsp;&nbsp;&nbsp;adc_read_volt_curr
</UL>

<P><STRONG><a name="[37]"></a>adc_init</STRONG> (Thumb, 28 bytes, Stack size 8 bytes, adc_58x.o(.text))
<BR><BR>[Stack]<UL><LI>Max Depth = 20<LI>Call Chain = adc_init &rArr; adc_configure
</UL>
<BR>[Calls]<UL><LI><a href="#[39]">&gt;&gt;</a>&nbsp;&nbsp;&nbsp;adc_configure
<LI><a href="#[38]">&gt;&gt;</a>&nbsp;&nbsp;&nbsp;__NVIC_DisableIRQ
</UL>
<BR>[Called By]<UL><LI><a href="#[41]">&gt;&gt;</a>&nbsp;&nbsp;&nbsp;adc_channels_init
</UL>

<P><STRONG><a name="[3b]"></a>adc_enable</STRONG> (Thumb, 22 bytes, Stack size 0 bytes, adc_58x.o(.text))
<BR><BR>[Called By]<UL><LI><a href="#[3a]">&gt;&gt;</a>&nbsp;&nbsp;&nbsp;adc_offset_calibrate
</UL>

<P><STRONG><a name="[3d]"></a>adc_get_sample</STRONG> (Thumb, 30 bytes, Stack size 0 bytes, adc_58x.o(.text))
<BR><BR>[Called By]<UL><LI><a href="#[3a]">&gt;&gt;</a>&nbsp;&nbsp;&nbsp;adc_offset_calibrate
<LI><a href="#[45]">&gt;&gt;</a>&nbsp;&nbsp;&nbsp;adc_read_volt_curr
</UL>

<P><STRONG><a name="[3a]"></a>adc_offset_calibrate</STRONG> (Thumb, 146 bytes, Stack size 24 bytes, adc_58x.o(.text))
<BR><BR>[Stack]<UL><LI>Max Depth = 24<LI>Call Chain = adc_offset_calibrate
</UL>
<BR>[Calls]<UL><LI><a href="#[3d]">&gt;&gt;</a>&nbsp;&nbsp;&nbsp;adc_get_sample
<LI><a href="#[3b]">&gt;&gt;</a>&nbsp;&nbsp;&nbsp;adc_enable
<LI><a href="#[3c]">&gt;&gt;</a>&nbsp;&nbsp;&nbsp;adc_usDelay
</UL>
<BR>[Called By]<UL><LI><a href="#[41]">&gt;&gt;</a>&nbsp;&nbsp;&nbsp;adc_channels_init
</UL>

<P><STRONG><a name="[c]"></a>ADC_Handler</STRONG> (Thumb, 18 bytes, Stack size 0 bytes, adc_58x.o(.text))
<BR>[Address Reference Count : 1]<UL><LI> startup_da14585_586.o(RESET)
</UL>
<P><STRONG><a name="[50]"></a>hw_otpc_disable</STRONG> (Thumb, 72 bytes, Stack size 12 bytes, hw_otpc_58x.o(.text))
<BR><BR>[Stack]<UL><LI>Max Depth = 12<LI>Call Chain = hw_otpc_disable
</UL>
<BR>[Called By]<UL><LI><a href="#[40]">&gt;&gt;</a>&nbsp;&nbsp;&nbsp;system_init
</UL>

<P><STRONG><a name="[4f]"></a>hw_otpc_manual_read_on</STRONG> (Thumb, 18 bytes, Stack size 0 bytes, hw_otpc_58x.o(.text))
<BR><BR>[Called By]<UL><LI><a href="#[40]">&gt;&gt;</a>&nbsp;&nbsp;&nbsp;system_init
</UL>

<P><STRONG><a name="[59]"></a>timer0_init</STRONG> (Thumb, 30 bytes, Stack size 0 bytes, timer0.o(.text))
<BR><BR>[Called By]<UL><LI><a href="#[42]">&gt;&gt;</a>&nbsp;&nbsp;&nbsp;display_init
</UL>

<P><STRONG><a name="[5b]"></a>timer0_start</STRONG> (Thumb, 12 bytes, Stack size 0 bytes, timer0.o(.text))
<BR><BR>[Called By]<UL><LI><a href="#[42]">&gt;&gt;</a>&nbsp;&nbsp;&nbsp;display_init
</UL>

<P><STRONG><a name="[57]"></a>timer0_stop</STRONG> (Thumb, 12 bytes, Stack size 0 bytes, timer0.o(.text))
<BR><BR>[Called By]<UL><LI><a href="#[42]">&gt;&gt;</a>&nbsp;&nbsp;&nbsp;display_init
</UL>

<P><STRONG><a name="[5a]"></a>timer0_enable_irq</STRONG> (Thumb, 10 bytes, Stack size 0 bytes, timer0.o(.text))
<BR><BR>[Called By]<UL><LI><a href="#[42]">&gt;&gt;</a>&nbsp;&nbsp;&nbsp;display_init
</UL>

<P><STRONG><a name="[58]"></a>timer0_register_callback</STRONG> (Thumb, 6 bytes, Stack size 0 bytes, timer0.o(.text))
<BR><BR>[Called By]<UL><LI><a href="#[42]">&gt;&gt;</a>&nbsp;&nbsp;&nbsp;display_init
</UL>

<P><STRONG><a name="[15]"></a>SWTIM_Handler</STRONG> (Thumb, 12 bytes, Stack size 0 bytes, timer0.o(.text))
<BR>[Address Reference Count : 1]<UL><LI> startup_da14585_586.o(RESET)
</UL>
<P><STRONG><a name="[43]"></a>systick_register_callback</STRONG> (Thumb, 6 bytes, Stack size 0 bytes, systick.o(.text))
<BR><BR>[Called By]<UL><LI><a href="#[1e]">&gt;&gt;</a>&nbsp;&nbsp;&nbsp;main
</UL>

<P><STRONG><a name="[5]"></a>SysTick_Handler</STRONG> (Thumb, 12 bytes, Stack size 0 bytes, systick.o(.text))
<BR>[Address Reference Count : 1]<UL><LI> startup_da14585_586.o(RESET)
</UL>
<P><STRONG><a name="[44]"></a>systick_start</STRONG> (Thumb, 60 bytes, Stack size 0 bytes, systick.o(.text))
<BR><BR>[Called By]<UL><LI><a href="#[1e]">&gt;&gt;</a>&nbsp;&nbsp;&nbsp;main
</UL>

<P><STRONG><a name="[1e]"></a>main</STRONG> (Thumb, 158 bytes, Stack size 0 bytes, main.o(.text))
<BR><BR>[Stack]<UL><LI>Max Depth = 160<LI>Call Chain = main &rArr; adc_read_volt_curr &rArr; __aeabi_dmul &rArr; _double_epilogue &rArr; __aeabi_llsr
</UL>
<BR>[Calls]<UL><LI><a href="#[40]">&gt;&gt;</a>&nbsp;&nbsp;&nbsp;system_init
<LI><a href="#[4b]">&gt;&gt;</a>&nbsp;&nbsp;&nbsp;display_update
<LI><a href="#[42]">&gt;&gt;</a>&nbsp;&nbsp;&nbsp;display_init
<LI><a href="#[45]">&gt;&gt;</a>&nbsp;&nbsp;&nbsp;adc_read_volt_curr
<LI><a href="#[41]">&gt;&gt;</a>&nbsp;&nbsp;&nbsp;adc_channels_init
<LI><a href="#[46]">&gt;&gt;</a>&nbsp;&nbsp;&nbsp;__aeabi_f2d
<LI><a href="#[49]">&gt;&gt;</a>&nbsp;&nbsp;&nbsp;__aeabi_dsub
<LI><a href="#[47]">&gt;&gt;</a>&nbsp;&nbsp;&nbsp;__aeabi_dadd
<LI><a href="#[48]">&gt;&gt;</a>&nbsp;&nbsp;&nbsp;__aeabi_cdrcmple
<LI><a href="#[4a]">&gt;&gt;</a>&nbsp;&nbsp;&nbsp;__aeabi_cdcmple
<LI><a href="#[44]">&gt;&gt;</a>&nbsp;&nbsp;&nbsp;systick_start
<LI><a href="#[43]">&gt;&gt;</a>&nbsp;&nbsp;&nbsp;systick_register_callback
</UL>
<BR>[Address Reference Count : 1]<UL><LI> entry9a.o(.ARM.Collect$$$$0000000B)
</UL>
<P><STRONG><a name="[4c]"></a>periph_init</STRONG> (Thumb, 68 bytes, Stack size 16 bytes, user_periph_setup.o(.text))
<BR><BR>[Stack]<UL><LI>Max Depth = 40<LI>Call Chain = periph_init &rArr; uart_initialize &rArr; uart_baudrate_setf
</UL>
<BR>[Calls]<UL><LI><a href="#[34]">&gt;&gt;</a>&nbsp;&nbsp;&nbsp;uart_initialize
<LI><a href="#[2a]">&gt;&gt;</a>&nbsp;&nbsp;&nbsp;GPIO_ConfigurePin
</UL>
<BR>[Called By]<UL><LI><a href="#[40]">&gt;&gt;</a>&nbsp;&nbsp;&nbsp;system_init
</UL>

<P><STRONG><a name="[40]"></a>system_init</STRONG> (Thumb, 158 bytes, Stack size 16 bytes, arch_system.o(.text))
<BR><BR>[Stack]<UL><LI>Max Depth = 56<LI>Call Chain = system_init &rArr; periph_init &rArr; uart_initialize &rArr; uart_baudrate_setf
</UL>
<BR>[Calls]<UL><LI><a href="#[4f]">&gt;&gt;</a>&nbsp;&nbsp;&nbsp;hw_otpc_manual_read_on
<LI><a href="#[50]">&gt;&gt;</a>&nbsp;&nbsp;&nbsp;hw_otpc_disable
<LI><a href="#[4d]">&gt;&gt;</a>&nbsp;&nbsp;&nbsp;GPIO_init
<LI><a href="#[4e]">&gt;&gt;</a>&nbsp;&nbsp;&nbsp;reset_indication (Weak Reference)
<LI><a href="#[4c]">&gt;&gt;</a>&nbsp;&nbsp;&nbsp;periph_init
</UL>
<BR>[Called By]<UL><LI><a href="#[1e]">&gt;&gt;</a>&nbsp;&nbsp;&nbsp;main
</UL>

<P><STRONG><a name="[41]"></a>adc_channels_init</STRONG> (Thumb, 58 bytes, Stack size 8 bytes, adc_read.o(.text))
<BR><BR>[Stack]<UL><LI>Max Depth = 32<LI>Call Chain = adc_channels_init &rArr; adc_offset_calibrate
</UL>
<BR>[Calls]<UL><LI><a href="#[3a]">&gt;&gt;</a>&nbsp;&nbsp;&nbsp;adc_offset_calibrate
<LI><a href="#[37]">&gt;&gt;</a>&nbsp;&nbsp;&nbsp;adc_init
<LI><a href="#[2d]">&gt;&gt;</a>&nbsp;&nbsp;&nbsp;GPIO_SetPinFunction
</UL>
<BR>[Called By]<UL><LI><a href="#[1e]">&gt;&gt;</a>&nbsp;&nbsp;&nbsp;main
</UL>

<P><STRONG><a name="[45]"></a>adc_read_volt_curr</STRONG> (Thumb, 160 bytes, Stack size 32 bytes, adc_read.o(.text))
<BR><BR>[Stack]<UL><LI>Max Depth = 160<LI>Call Chain = adc_read_volt_curr &rArr; __aeabi_dmul &rArr; _double_epilogue &rArr; __aeabi_llsr
</UL>
<BR>[Calls]<UL><LI><a href="#[3d]">&gt;&gt;</a>&nbsp;&nbsp;&nbsp;adc_get_sample
<LI><a href="#[3f]">&gt;&gt;</a>&nbsp;&nbsp;&nbsp;adc_set_se_input
<LI><a href="#[51]">&gt;&gt;</a>&nbsp;&nbsp;&nbsp;__aeabi_ui2f
<LI><a href="#[56]">&gt;&gt;</a>&nbsp;&nbsp;&nbsp;__aeabi_fmul
<LI><a href="#[52]">&gt;&gt;</a>&nbsp;&nbsp;&nbsp;__aeabi_fdiv
<LI><a href="#[54]">&gt;&gt;</a>&nbsp;&nbsp;&nbsp;__aeabi_drsub
<LI><a href="#[53]">&gt;&gt;</a>&nbsp;&nbsp;&nbsp;__aeabi_dmul
<LI><a href="#[55]">&gt;&gt;</a>&nbsp;&nbsp;&nbsp;__aeabi_d2f
<LI><a href="#[46]">&gt;&gt;</a>&nbsp;&nbsp;&nbsp;__aeabi_f2d
<LI><a href="#[47]">&gt;&gt;</a>&nbsp;&nbsp;&nbsp;__aeabi_dadd
</UL>
<BR>[Called By]<UL><LI><a href="#[1e]">&gt;&gt;</a>&nbsp;&nbsp;&nbsp;main
</UL>

<P><STRONG><a name="[42]"></a>display_init</STRONG> (Thumb, 140 bytes, Stack size 24 bytes, display.o(.text))
<BR><BR>[Stack]<UL><LI>Max Depth = 48<LI>Call Chain = display_init &rArr; GPIO_ConfigurePin &rArr; GPIO_SetPinFunction
</UL>
<BR>[Calls]<UL><LI><a href="#[2a]">&gt;&gt;</a>&nbsp;&nbsp;&nbsp;GPIO_ConfigurePin
<LI><a href="#[58]">&gt;&gt;</a>&nbsp;&nbsp;&nbsp;timer0_register_callback
<LI><a href="#[5a]">&gt;&gt;</a>&nbsp;&nbsp;&nbsp;timer0_enable_irq
<LI><a href="#[57]">&gt;&gt;</a>&nbsp;&nbsp;&nbsp;timer0_stop
<LI><a href="#[5b]">&gt;&gt;</a>&nbsp;&nbsp;&nbsp;timer0_start
<LI><a href="#[59]">&gt;&gt;</a>&nbsp;&nbsp;&nbsp;timer0_init
</UL>
<BR>[Called By]<UL><LI><a href="#[1e]">&gt;&gt;</a>&nbsp;&nbsp;&nbsp;main
</UL>

<P><STRONG><a name="[4b]"></a>display_update</STRONG> (Thumb, 202 bytes, Stack size 24 bytes, display.o(.text))
<BR><BR>[Stack]<UL><LI>Max Depth = 60<LI>Call Chain = display_update &rArr; __aeabi_fsub &rArr; __aeabi_fadd &rArr; _float_epilogue
</UL>
<BR>[Calls]<UL><LI><a href="#[5d]">&gt;&gt;</a>&nbsp;&nbsp;&nbsp;__aeabi_fsub
<LI><a href="#[5c]">&gt;&gt;</a>&nbsp;&nbsp;&nbsp;__aeabi_f2uiz
<LI><a href="#[51]">&gt;&gt;</a>&nbsp;&nbsp;&nbsp;__aeabi_ui2f
<LI><a href="#[56]">&gt;&gt;</a>&nbsp;&nbsp;&nbsp;__aeabi_fmul
<LI><a href="#[52]">&gt;&gt;</a>&nbsp;&nbsp;&nbsp;__aeabi_fdiv
</UL>
<BR>[Called By]<UL><LI><a href="#[1e]">&gt;&gt;</a>&nbsp;&nbsp;&nbsp;main
</UL>

<P><STRONG><a name="[5e]"></a>__aeabi_fadd</STRONG> (Thumb, 162 bytes, Stack size 24 bytes, fadd.o(.text))
<BR><BR>[Stack]<UL><LI>Max Depth = 36<LI>Call Chain = __aeabi_fadd &rArr; _float_epilogue
</UL>
<BR>[Calls]<UL><LI><a href="#[60]">&gt;&gt;</a>&nbsp;&nbsp;&nbsp;_float_round
<LI><a href="#[5f]">&gt;&gt;</a>&nbsp;&nbsp;&nbsp;_float_epilogue
</UL>
<BR>[Called By]<UL><LI><a href="#[61]">&gt;&gt;</a>&nbsp;&nbsp;&nbsp;__aeabi_frsub
<LI><a href="#[5d]">&gt;&gt;</a>&nbsp;&nbsp;&nbsp;__aeabi_fsub
</UL>

<P><STRONG><a name="[5d]"></a>__aeabi_fsub</STRONG> (Thumb, 8 bytes, Stack size 0 bytes, fadd.o(.text))
<BR><BR>[Stack]<UL><LI>Max Depth = 36<LI>Call Chain = __aeabi_fsub &rArr; __aeabi_fadd &rArr; _float_epilogue
</UL>
<BR>[Calls]<UL><LI><a href="#[5e]">&gt;&gt;</a>&nbsp;&nbsp;&nbsp;__aeabi_fadd
</UL>
<BR>[Called By]<UL><LI><a href="#[4b]">&gt;&gt;</a>&nbsp;&nbsp;&nbsp;display_update
</UL>

<P><STRONG><a name="[61]"></a>__aeabi_frsub</STRONG> (Thumb, 8 bytes, Stack size 0 bytes, fadd.o(.text), UNUSED)
<BR><BR>[Calls]<UL><LI><a href="#[5e]">&gt;&gt;</a>&nbsp;&nbsp;&nbsp;__aeabi_fadd
</UL>

<P><STRONG><a name="[56]"></a>__aeabi_fmul</STRONG> (Thumb, 122 bytes, Stack size 16 bytes, fmul.o(.text))
<BR><BR>[Stack]<UL><LI>Max Depth = 16<LI>Call Chain = __aeabi_fmul
</UL>
<BR>[Called By]<UL><LI><a href="#[4b]">&gt;&gt;</a>&nbsp;&nbsp;&nbsp;display_update
<LI><a href="#[45]">&gt;&gt;</a>&nbsp;&nbsp;&nbsp;adc_read_volt_curr
</UL>

<P><STRONG><a name="[52]"></a>__aeabi_fdiv</STRONG> (Thumb, 124 bytes, Stack size 16 bytes, fdiv.o(.text))
<BR><BR>[Stack]<UL><LI>Max Depth = 16<LI>Call Chain = __aeabi_fdiv
</UL>
<BR>[Calls]<UL><LI><a href="#[60]">&gt;&gt;</a>&nbsp;&nbsp;&nbsp;_float_round
</UL>
<BR>[Called By]<UL><LI><a href="#[4b]">&gt;&gt;</a>&nbsp;&nbsp;&nbsp;display_update
<LI><a href="#[45]">&gt;&gt;</a>&nbsp;&nbsp;&nbsp;adc_read_volt_curr
</UL>

<P><STRONG><a name="[47]"></a>__aeabi_dadd</STRONG> (Thumb, 330 bytes, Stack size 48 bytes, dadd.o(.text))
<BR><BR>[Stack]<UL><LI>Max Depth = 104<LI>Call Chain = __aeabi_dadd &rArr; _double_epilogue &rArr; __aeabi_llsr
</UL>
<BR>[Calls]<UL><LI><a href="#[63]">&gt;&gt;</a>&nbsp;&nbsp;&nbsp;__aeabi_lasr
<LI><a href="#[62]">&gt;&gt;</a>&nbsp;&nbsp;&nbsp;__aeabi_llsl
<LI><a href="#[65]">&gt;&gt;</a>&nbsp;&nbsp;&nbsp;_double_round
<LI><a href="#[64]">&gt;&gt;</a>&nbsp;&nbsp;&nbsp;_double_epilogue
</UL>
<BR>[Called By]<UL><LI><a href="#[54]">&gt;&gt;</a>&nbsp;&nbsp;&nbsp;__aeabi_drsub
<LI><a href="#[45]">&gt;&gt;</a>&nbsp;&nbsp;&nbsp;adc_read_volt_curr
<LI><a href="#[49]">&gt;&gt;</a>&nbsp;&nbsp;&nbsp;__aeabi_dsub
<LI><a href="#[1e]">&gt;&gt;</a>&nbsp;&nbsp;&nbsp;main
</UL>

<P><STRONG><a name="[49]"></a>__aeabi_dsub</STRONG> (Thumb, 12 bytes, Stack size 8 bytes, dadd.o(.text))
<BR><BR>[Stack]<UL><LI>Max Depth = 112<LI>Call Chain = __aeabi_dsub &rArr; __aeabi_dadd &rArr; _double_epilogue &rArr; __aeabi_llsr
</UL>
<BR>[Calls]<UL><LI><a href="#[47]">&gt;&gt;</a>&nbsp;&nbsp;&nbsp;__aeabi_dadd
</UL>
<BR>[Called By]<UL><LI><a href="#[1e]">&gt;&gt;</a>&nbsp;&nbsp;&nbsp;main
</UL>

<P><STRONG><a name="[54]"></a>__aeabi_drsub</STRONG> (Thumb, 12 bytes, Stack size 8 bytes, dadd.o(.text))
<BR><BR>[Stack]<UL><LI>Max Depth = 112<LI>Call Chain = __aeabi_drsub &rArr; __aeabi_dadd &rArr; _double_epilogue &rArr; __aeabi_llsr
</UL>
<BR>[Calls]<UL><LI><a href="#[47]">&gt;&gt;</a>&nbsp;&nbsp;&nbsp;__aeabi_dadd
</UL>
<BR>[Called By]<UL><LI><a href="#[45]">&gt;&gt;</a>&nbsp;&nbsp;&nbsp;adc_read_volt_curr
</UL>

<P><STRONG><a name="[53]"></a>__aeabi_dmul</STRONG> (Thumb, 202 bytes, Stack size 72 bytes, dmul.o(.text))
<BR><BR>[Stack]<UL><LI>Max Depth = 128<LI>Call Chain = __aeabi_dmul &rArr; _double_epilogue &rArr; __aeabi_llsr
</UL>
<BR>[Calls]<UL><LI><a href="#[64]">&gt;&gt;</a>&nbsp;&nbsp;&nbsp;_double_epilogue
</UL>
<BR>[Called By]<UL><LI><a href="#[45]">&gt;&gt;</a>&nbsp;&nbsp;&nbsp;adc_read_volt_curr
</UL>

<P><STRONG><a name="[51]"></a>__aeabi_ui2f</STRONG> (Thumb, 14 bytes, Stack size 8 bytes, ffltui.o(.text))
<BR><BR>[Stack]<UL><LI>Max Depth = 20<LI>Call Chain = __aeabi_ui2f &rArr; _float_epilogue
</UL>
<BR>[Calls]<UL><LI><a href="#[5f]">&gt;&gt;</a>&nbsp;&nbsp;&nbsp;_float_epilogue
</UL>
<BR>[Called By]<UL><LI><a href="#[4b]">&gt;&gt;</a>&nbsp;&nbsp;&nbsp;display_update
<LI><a href="#[45]">&gt;&gt;</a>&nbsp;&nbsp;&nbsp;adc_read_volt_curr
</UL>

<P><STRONG><a name="[5c]"></a>__aeabi_f2uiz</STRONG> (Thumb, 40 bytes, Stack size 0 bytes, ffixui.o(.text))
<BR><BR>[Called By]<UL><LI><a href="#[4b]">&gt;&gt;</a>&nbsp;&nbsp;&nbsp;display_update
</UL>

<P><STRONG><a name="[46]"></a>__aeabi_f2d</STRONG> (Thumb, 40 bytes, Stack size 0 bytes, f2d.o(.text))
<BR><BR>[Called By]<UL><LI><a href="#[45]">&gt;&gt;</a>&nbsp;&nbsp;&nbsp;adc_read_volt_curr
<LI><a href="#[1e]">&gt;&gt;</a>&nbsp;&nbsp;&nbsp;main
</UL>

<P><STRONG><a name="[7a]"></a>__aeabi_cdcmpeq</STRONG> (Thumb, 0 bytes, Stack size 0 bytes, cdcmple.o(.text), UNUSED)

<P><STRONG><a name="[4a]"></a>__aeabi_cdcmple</STRONG> (Thumb, 38 bytes, Stack size 0 bytes, cdcmple.o(.text))
<BR><BR>[Called By]<UL><LI><a href="#[1e]">&gt;&gt;</a>&nbsp;&nbsp;&nbsp;main
</UL>

<P><STRONG><a name="[48]"></a>__aeabi_cdrcmple</STRONG> (Thumb, 38 bytes, Stack size 0 bytes, cdrcmple.o(.text))
<BR><BR>[Called By]<UL><LI><a href="#[1e]">&gt;&gt;</a>&nbsp;&nbsp;&nbsp;main
</UL>

<P><STRONG><a name="[55]"></a>__aeabi_d2f</STRONG> (Thumb, 56 bytes, Stack size 8 bytes, d2f.o(.text))
<BR><BR>[Stack]<UL><LI>Max Depth = 8<LI>Call Chain = __aeabi_d2f
</UL>
<BR>[Calls]<UL><LI><a href="#[60]">&gt;&gt;</a>&nbsp;&nbsp;&nbsp;_float_round
</UL>
<BR>[Called By]<UL><LI><a href="#[45]">&gt;&gt;</a>&nbsp;&nbsp;&nbsp;adc_read_volt_curr
</UL>

<P><STRONG><a name="[62]"></a>__aeabi_llsl</STRONG> (Thumb, 32 bytes, Stack size 8 bytes, llshl.o(.text))
<BR><BR>[Stack]<UL><LI>Max Depth = 8<LI>Call Chain = __aeabi_llsl
</UL>
<BR>[Called By]<UL><LI><a href="#[64]">&gt;&gt;</a>&nbsp;&nbsp;&nbsp;_double_epilogue
<LI><a href="#[47]">&gt;&gt;</a>&nbsp;&nbsp;&nbsp;__aeabi_dadd
</UL>

<P><STRONG><a name="[7b]"></a>_ll_shift_l</STRONG> (Thumb, 0 bytes, Stack size 8 bytes, llshl.o(.text), UNUSED)

<P><STRONG><a name="[63]"></a>__aeabi_lasr</STRONG> (Thumb, 38 bytes, Stack size 8 bytes, llsshr.o(.text))
<BR><BR>[Stack]<UL><LI>Max Depth = 8<LI>Call Chain = __aeabi_lasr
</UL>
<BR>[Called By]<UL><LI><a href="#[47]">&gt;&gt;</a>&nbsp;&nbsp;&nbsp;__aeabi_dadd
</UL>

<P><STRONG><a name="[7c]"></a>_ll_sshift_r</STRONG> (Thumb, 0 bytes, Stack size 8 bytes, llsshr.o(.text), UNUSED)

<P><STRONG><a name="[7d]"></a>__I$use$fp</STRONG> (Thumb, 0 bytes, Stack size 0 bytes, iusefp.o(.text), UNUSED)

<P><STRONG><a name="[60]"></a>_float_round</STRONG> (Thumb, 16 bytes, Stack size 0 bytes, fepilogue.o(.text))
<BR><BR>[Called By]<UL><LI><a href="#[5e]">&gt;&gt;</a>&nbsp;&nbsp;&nbsp;__aeabi_fadd
<LI><a href="#[52]">&gt;&gt;</a>&nbsp;&nbsp;&nbsp;__aeabi_fdiv
<LI><a href="#[55]">&gt;&gt;</a>&nbsp;&nbsp;&nbsp;__aeabi_d2f
</UL>

<P><STRONG><a name="[5f]"></a>_float_epilogue</STRONG> (Thumb, 114 bytes, Stack size 12 bytes, fepilogue.o(.text))
<BR><BR>[Stack]<UL><LI>Max Depth = 12<LI>Call Chain = _float_epilogue
</UL>
<BR>[Called By]<UL><LI><a href="#[5e]">&gt;&gt;</a>&nbsp;&nbsp;&nbsp;__aeabi_fadd
<LI><a href="#[51]">&gt;&gt;</a>&nbsp;&nbsp;&nbsp;__aeabi_ui2f
</UL>

<P><STRONG><a name="[65]"></a>_double_round</STRONG> (Thumb, 26 bytes, Stack size 8 bytes, depilogue.o(.text))
<BR><BR>[Stack]<UL><LI>Max Depth = 8<LI>Call Chain = _double_round
</UL>
<BR>[Called By]<UL><LI><a href="#[64]">&gt;&gt;</a>&nbsp;&nbsp;&nbsp;_double_epilogue
<LI><a href="#[47]">&gt;&gt;</a>&nbsp;&nbsp;&nbsp;__aeabi_dadd
</UL>

<P><STRONG><a name="[64]"></a>_double_epilogue</STRONG> (Thumb, 164 bytes, Stack size 48 bytes, depilogue.o(.text))
<BR><BR>[Stack]<UL><LI>Max Depth = 56<LI>Call Chain = _double_epilogue &rArr; __aeabi_llsr
</UL>
<BR>[Calls]<UL><LI><a href="#[67]">&gt;&gt;</a>&nbsp;&nbsp;&nbsp;__aeabi_llsr
<LI><a href="#[66]">&gt;&gt;</a>&nbsp;&nbsp;&nbsp;__ARM_clz
<LI><a href="#[62]">&gt;&gt;</a>&nbsp;&nbsp;&nbsp;__aeabi_llsl
<LI><a href="#[65]">&gt;&gt;</a>&nbsp;&nbsp;&nbsp;_double_round
</UL>
<BR>[Called By]<UL><LI><a href="#[53]">&gt;&gt;</a>&nbsp;&nbsp;&nbsp;__aeabi_dmul
<LI><a href="#[47]">&gt;&gt;</a>&nbsp;&nbsp;&nbsp;__aeabi_dadd
</UL>

<P><STRONG><a name="[26]"></a>__scatterload</STRONG> (Thumb, 28 bytes, Stack size 0 bytes, init.o(.text))
<BR><BR>[Calls]<UL><LI><a href="#[68]">&gt;&gt;</a>&nbsp;&nbsp;&nbsp;__main_after_scatterload
</UL>
<BR>[Called By]<UL><LI><a href="#[25]">&gt;&gt;</a>&nbsp;&nbsp;&nbsp;_main_scatterload
</UL>

<P><STRONG><a name="[7e]"></a>__scatterload_rt2</STRONG> (Thumb, 0 bytes, Stack size 0 bytes, init.o(.text), UNUSED)

<P><STRONG><a name="[67]"></a>__aeabi_llsr</STRONG> (Thumb, 34 bytes, Stack size 8 bytes, llushr.o(.text))
<BR><BR>[Stack]<UL><LI>Max Depth = 8<LI>Call Chain = __aeabi_llsr
</UL>
<BR>[Called By]<UL><LI><a href="#[64]">&gt;&gt;</a>&nbsp;&nbsp;&nbsp;_double_epilogue
</UL>

<P><STRONG><a name="[7f]"></a>_ll_ushift_r</STRONG> (Thumb, 0 bytes, Stack size 8 bytes, llushr.o(.text), UNUSED)

<P><STRONG><a name="[66]"></a>__ARM_clz</STRONG> (Thumb, 46 bytes, Stack size 0 bytes, depilogue.o(i.__ARM_clz))
<BR><BR>[Called By]<UL><LI><a href="#[64]">&gt;&gt;</a>&nbsp;&nbsp;&nbsp;_double_epilogue
</UL>

<P><STRONG><a name="[80]"></a>__scatterload_copy</STRONG> (Thumb, 14 bytes, Stack size unknown bytes, handlers.o(i.__scatterload_copy), UNUSED)

<P><STRONG><a name="[81]"></a>__scatterload_null</STRONG> (Thumb, 2 bytes, Stack size unknown bytes, handlers.o(i.__scatterload_null), UNUSED)

<P><STRONG><a name="[82]"></a>__scatterload_zeroinit</STRONG> (Thumb, 14 bytes, Stack size unknown bytes, handlers.o(i.__scatterload_zeroinit), UNUSED)
<P>
<H3>
Local Symbols
</H3>
<P><STRONG><a name="[29]"></a>__NVIC_DisableIRQ</STRONG> (Thumb, 26 bytes, Stack size 0 bytes, system_da14585_586.o(.text))
<BR><BR>[Called By]<UL><LI><a href="#[1f]">&gt;&gt;</a>&nbsp;&nbsp;&nbsp;SystemInit
</UL>

<P><STRONG><a name="[1]"></a>NMI_Handler</STRONG> (Thumb, 24 bytes, Stack size 0 bytes, startup_da14585_586.o(.text))
<BR>[Address Reference Count : 1]<UL><LI> startup_da14585_586.o(RESET)
</UL>
<P><STRONG><a name="[2]"></a>HardFault_Handler</STRONG> (Thumb, 24 bytes, Stack size 0 bytes, startup_da14585_586.o(.text))
<BR>[Address Reference Count : 1]<UL><LI> startup_da14585_586.o(RESET)
</UL>
<P><STRONG><a name="[2f]"></a>gpioshift16</STRONG> (Thumb, 32 bytes, Stack size 0 bytes, gpio.o(.text))
<BR><BR>[Called By]<UL><LI><a href="#[2e]">&gt;&gt;</a>&nbsp;&nbsp;&nbsp;GPIO_ResetIRQ
</UL>

<P><STRONG><a name="[32]"></a>uart_rx_isr</STRONG> (Thumb, 72 bytes, Stack size 8 bytes, uart.o(.text))
<BR><BR>[Stack]<UL><LI>Max Depth = 8<LI>Call Chain = uart_rx_isr
</UL>
<BR>[Called By]<UL><LI><a href="#[31]">&gt;&gt;</a>&nbsp;&nbsp;&nbsp;uart_intr_hndl
</UL>

<P><STRONG><a name="[31]"></a>uart_intr_hndl</STRONG> (Thumb, 156 bytes, Stack size 24 bytes, uart.o(.text))
<BR><BR>[Stack]<UL><LI>Max Depth = 32<LI>Call Chain = uart_intr_hndl &rArr; uart_tx_isr
</UL>
<BR>[Calls]<UL><LI><a href="#[33]">&gt;&gt;</a>&nbsp;&nbsp;&nbsp;uart_tx_isr
<LI><a href="#[32]">&gt;&gt;</a>&nbsp;&nbsp;&nbsp;uart_rx_isr
</UL>
<BR>[Called By]<UL><LI><a href="#[9]">&gt;&gt;</a>&nbsp;&nbsp;&nbsp;UART2_Handler
<LI><a href="#[8]">&gt;&gt;</a>&nbsp;&nbsp;&nbsp;UART_Handler
</UL>

<P><STRONG><a name="[33]"></a>uart_tx_isr</STRONG> (Thumb, 100 bytes, Stack size 8 bytes, uart.o(.text))
<BR><BR>[Stack]<UL><LI>Max Depth = 8<LI>Call Chain = uart_tx_isr
</UL>
<BR>[Called By]<UL><LI><a href="#[31]">&gt;&gt;</a>&nbsp;&nbsp;&nbsp;uart_intr_hndl
</UL>

<P><STRONG><a name="[38]"></a>__NVIC_DisableIRQ</STRONG> (Thumb, 26 bytes, Stack size 0 bytes, adc_58x.o(.text))
<BR><BR>[Called By]<UL><LI><a href="#[37]">&gt;&gt;</a>&nbsp;&nbsp;&nbsp;adc_init
</UL>

<P><STRONG><a name="[39]"></a>adc_configure</STRONG> (Thumb, 86 bytes, Stack size 12 bytes, adc_58x.o(.text))
<BR><BR>[Stack]<UL><LI>Max Depth = 12<LI>Call Chain = adc_configure
</UL>
<BR>[Calls]<UL><LI><a href="#[3f]">&gt;&gt;</a>&nbsp;&nbsp;&nbsp;adc_set_se_input
<LI><a href="#[3e]">&gt;&gt;</a>&nbsp;&nbsp;&nbsp;adc_set_diff_input
</UL>
<BR>[Called By]<UL><LI><a href="#[37]">&gt;&gt;</a>&nbsp;&nbsp;&nbsp;adc_init
</UL>

<P><STRONG><a name="[3c]"></a>adc_usDelay</STRONG> (Thumb, 30 bytes, Stack size 0 bytes, adc_58x.o(.text))
<BR><BR>[Called By]<UL><LI><a href="#[3a]">&gt;&gt;</a>&nbsp;&nbsp;&nbsp;adc_offset_calibrate
</UL>

<P><STRONG><a name="[23]"></a>systick_isr</STRONG> (Thumb, 8 bytes, Stack size 0 bytes, main.o(.text))
<BR>[Address Reference Count : 1]<UL><LI> main.o(.text)
</UL>
<P><STRONG><a name="[24]"></a>timer0_general_callback_function</STRONG> (Thumb, 150 bytes, Stack size 24 bytes, display.o(.text))
<BR><BR>[Stack]<UL><LI>Max Depth = 24<LI>Call Chain = timer0_general_callback_function
</UL>
<BR>[Calls]<UL><LI><a href="#[2b]">&gt;&gt;</a>&nbsp;&nbsp;&nbsp;GPIO_SetActive
<LI><a href="#[2c]">&gt;&gt;</a>&nbsp;&nbsp;&nbsp;GPIO_SetInactive
</UL>
<BR>[Address Reference Count : 1]<UL><LI> display.o(.text)
</UL><P>
<H3>
Undefined Global Symbols
</H3>
<P><STRONG><a name="[28]"></a>__arm_fini_</STRONG> (Unknown, 0 bytes, Stack size 0 bytes, UNDEFINED)
<BR><BR>[Called By]<UL><LI><a href="#[27]">&gt;&gt;</a>&nbsp;&nbsp;&nbsp;__rt_lib_shutdown_fini
</UL>

<P><STRONG><a name="[4e]"></a>reset_indication</STRONG> (ARM, 0 bytes, Stack size 0 bytes, UNDEFINED)
<BR><BR>[Called By]<UL><LI><a href="#[40]">&gt;&gt;</a>&nbsp;&nbsp;&nbsp;system_init
</UL>
<HR></body></html>
