Component: ARM Compiler 5.06 update 7 (build 960) Tool: armlink [4d3601]

==============================================================================

Section Cross References

    system_da14585_586.o(.text) refers to system_da14585_586.o(.data) for .data
    startup_da14585_586.o(RESET) refers to startup_da14585_586.o(STACK) for __initial_sp
    startup_da14585_586.o(RESET) refers to startup_da14585_586.o(.text) for Reset_Handler
    startup_da14585_586.o(RESET) refers to systick.o(.text) for SysTick_Handler
    startup_da14585_586.o(RESET) refers to uart.o(.text) for UART_Handler
    startup_da14585_586.o(RESET) refers to adc_58x.o(.text) for ADC_Handler
    startup_da14585_586.o(RESET) refers to gpio.o(.text) for GPIO0_Handler
    startup_da14585_586.o(RESET) refers to timer0.o(.text) for SWTIM_Handler
    startup_da14585_586.o(.text) refers to system_da14585_586.o(.text) for SystemInit
    startup_da14585_586.o(.text) refers to entry.o(.ARM.Collect$$$$00000000) for __main
    startup_da14585_586.o(.text) refers to exceptions.o(.text) for NMI_HandlerC
    gpio.o(.text) refers to gpio.o(retention_mem_area0) for retention_mem_area0
    gpio.o(.text) refers to gpio.o(.text) for gpioshift16
    gpio.o(.text) refers to gpio.o(.text) for gpioshift16
    gpio.o(.text) refers to gpio.o(retention_mem_area0) for retention_mem_area0
    uart.o(.text) refers to uart.o(retention_mem_area0) for retention_mem_area0
    uart.o(.text) refers to uart.o(retention_mem_area0) for retention_mem_area0
    uart.o(.text) refers to uart.o(retention_mem_area0) for retention_mem_area0
    uart.o(.text) refers to uart.o(retention_mem_area0) for retention_mem_area0
    uart.o(.text) refers to uart.o(.text) for uart_write_byte
    uart.o(.text) refers to uart.o(.text) for uart_write_buffer
    uart.o(.text) refers to uart.o(.text) for __NVIC_DisableIRQ
    uart.o(.text) refers to uart.o(.text) for __NVIC_SetPriority
    uart.o(.text) refers to uart.o(.text) for __NVIC_EnableIRQ
    uart.o(.text) refers to uart.o(retention_mem_area0) for retention_mem_area0
    uart.o(.text) refers to uart.o(.text) for uart_read_byte
    uart.o(.text) refers to uart.o(.text) for uart_read_buffer
    uart.o(.text) refers to uart.o(.text) for __NVIC_DisableIRQ
    uart.o(.text) refers to uart.o(.text) for __NVIC_SetPriority
    uart.o(.text) refers to uart.o(.text) for __NVIC_EnableIRQ
    uart.o(.text) refers to uart.o(retention_mem_area0) for retention_mem_area0
    uart.o(.text) refers to uart.o(.text) for uart_enable_flow_control
    uart_utils.o(.text) refers to idiv.o(.text) for __aeabi_idivmod
    uart_utils.o(.text) refers to strlen.o(.text) for strlen
    uart_utils.o(.text) refers to uart.o(.text) for uart_send
    uart_utils.o(.text) refers to strlen.o(.text) for strlen
    uart_utils.o(.text) refers to uart.o(.text) for uart_send
    uart_utils.o(.text) refers to uart_utils.o(.text) for printf_byte
    uart_utils.o(.text) refers to uart_utils.o(.text) for printf_byte
    uart_utils.o(.text) refers to uart_utils.o(.text) for itoa
    uart_utils.o(.text) refers to uart_utils.o(.text) for printf_string
    adc_58x.o(.text) refers to adc_58x.o(retention_mem_area0) for retention_mem_area0
    adc_58x.o(.text) refers to adc_58x.o(.text) for __NVIC_DisableIRQ
    adc_58x.o(.text) refers to adc_58x.o(retention_mem_area0) for retention_mem_area0
    adc_58x.o(.text) refers to adc_58x.o(.text) for __NVIC_DisableIRQ
    adc_58x.o(.text) refers to adc_58x.o(retention_mem_area0) for retention_mem_area0
    adc_58x.o(.text) refers to adc_58x.o(.text) for adc_init
    adc_58x.o(.text) refers to adc_58x.o(.constdata) for .constdata
    hw_otpc_58x.o(.text) refers to hw_otpc_58x.o(.constdata) for .constdata
    hw_otpc_58x.o(.text) refers to hw_otpc_58x.o(.text) for hw_otpc_num_of_rr
    hw_otpc_58x.o(.text) refers to hw_otpc_58x.o(.text) for hw_otpc_manual_word_prog
    hw_otpc_58x.o(.text) refers to hw_otpc_58x.o(.text) for manual_prog_verify
    hw_otpc_58x.o(.text) refers to hw_otpc_58x.o(.text) for hw_otpc_write_rr
    hw_otpc_58x.o(.text) refers to hw_otpc_58x.o(.text) for hw_otpc_manual_read_on
    hw_otpc_58x.o(.text) refers to hw_otpc_58x.o(.text) for hw_otpc_manual_word_prog
    hw_otpc_58x.o(.text) refers to hw_otpc_58x.o(.text) for wait_for_auto_done
    hw_otpc_58x.o(.text) refers to hw_otpc_58x.o(.text) for wait_for_auto_done
    hw_otpc_58x.o(.text) refers to hw_otpc_58x.o(.text) for wait_for_auto_done
    hw_otpc_58x.o(.text) refers to hw_otpc_58x.o(.text) for wait_for_auto_done
    hw_otpc_58x.o(.text) refers to hw_otpc_58x.o(.text) for hw_otpc_core_test
    hw_otpc_58x.o(.text) refers to hw_otpc_58x.o(.text) for hw_otpc_core_test
    hw_otpc_58x.o(.text) refers to hw_otpc_58x.o(.text) for hw_otpc_core_test
    battery.o(.text) refers to idiv.o(.text) for __aeabi_idivmod
    battery.o(.text) refers to adc_58x.o(.text) for adc_offset_calibrate
    battery.o(.text) refers to adc_58x.o(.text) for adc_get_vbat_sample
    battery.o(.text) refers to battery.o(.text) for battery_filter_value
    battery.o(.text) refers to battery.o(.constdata) for .constdata
    battery.o(.constdata) refers to battery.o(.text) for batt_cal_cr2032
    spi_flash.o(.text) refers to spi_58x.o(.text) for spi_set_bitmode
    spi_flash.o(.text) refers to spi_58x.o(.text) for spi_transaction
    spi_flash.o(.text) refers to spi_flash.o(.text) for spi_flash_read_status_reg
    spi_flash.o(.text) refers to spi_flash.o(.text) for spi_flash_read_status_reg
    spi_flash.o(.text) refers to spi_58x.o(.text) for spi_cs_low
    spi_flash.o(.text) refers to spi_58x.o(.text) for spi_cs_high
    spi_flash.o(.text) refers to spi_58x.o(.text) for spi_set_bitmode
    spi_flash.o(.text) refers to spi_58x.o(.text) for spi_transaction
    spi_flash.o(.text) refers to spi_flash.o(.bss) for .bss
    spi_flash.o(.text) refers to spi_58x.o(.text) for spi_initialize
    spi_flash.o(.text) refers to spi_flash.o(.text) for spi_flash_configure_env
    spi_flash.o(.text) refers to spi_flash.o(.text) for spi_flash_release_from_power_down
    spi_flash.o(.text) refers to spi_flash.o(.text) for spi_flash_is_busy
    spi_flash.o(.text) refers to spi_58x.o(.text) for spi_set_bitmode
    spi_flash.o(.text) refers to spi_58x.o(.text) for spi_cs_low
    spi_flash.o(.text) refers to spi_58x.o(.text) for spi_access
    spi_flash.o(.text) refers to spi_58x.o(.text) for spi_cs_high
    spi_flash.o(.text) refers to memcpya.o(.text) for __aeabi_memcpy4
    spi_flash.o(.text) refers to spi_flash.o(.text) for spi_flash_read_jedec_id
    spi_flash.o(.text) refers to spi_flash.o(.text) for spi_flash_configure_env
    spi_flash.o(.text) refers to spi_flash.o(.constdata) for .constdata
    spi_flash.o(.text) refers to spi_58x.o(.text) for spi_initialize
    spi_flash.o(.text) refers to spi_flash.o(.text) for spi_flash_release_from_power_down
    spi_flash.o(.text) refers to spi_flash.o(.text) for spi_flash_auto_detect
    spi_flash.o(.text) refers to spi_flash.o(.text) for spi_flash_is_busy
    spi_flash.o(.text) refers to spi_58x.o(.text) for spi_set_bitmode
    spi_flash.o(.text) refers to spi_58x.o(.text) for spi_transaction
    spi_flash.o(.text) refers to spi_flash.o(.text) for spi_flash_is_busy
    spi_flash.o(.text) refers to spi_58x.o(.text) for spi_set_bitmode
    spi_flash.o(.text) refers to spi_58x.o(.text) for spi_transaction
    spi_flash.o(.text) refers to spi_flash.o(.text) for spi_flash_wait_till_ready
    spi_flash.o(.text) refers to spi_flash.o(.text) for spi_flash_read_status_reg
    spi_flash.o(.text) refers to spi_flash.o(.text) for spi_flash_write_enable
    spi_flash.o(.text) refers to spi_flash.o(.text) for spi_flash_write_enable
    spi_flash.o(.text) refers to spi_flash.o(.text) for spi_flash_is_busy
    spi_flash.o(.text) refers to spi_58x.o(.text) for spi_set_bitmode
    spi_flash.o(.text) refers to spi_58x.o(.text) for spi_transaction
    spi_flash.o(.text) refers to spi_flash.o(.text) for spi_flash_wait_till_ready
    spi_flash.o(.text) refers to spi_flash.o(.text) for spi_flash_read_status_reg
    spi_flash.o(.text) refers to spi_flash.o(.text) for spi_flash_is_busy
    spi_flash.o(.text) refers to spi_58x.o(.text) for spi_set_bitmode
    spi_flash.o(.text) refers to spi_58x.o(.text) for spi_transaction
    spi_flash.o(.text) refers to spi_flash.o(.text) for spi_flash_wait_till_ready
    spi_flash.o(.text) refers to spi_58x.o(.text) for spi_set_bitmode
    spi_flash.o(.text) refers to spi_58x.o(.text) for spi_transaction
    spi_flash.o(.text) refers to spi_flash.o(.text) for spi_flash_set_write_enable
    spi_flash.o(.text) refers to spi_flash.o(.text) for spi_flash_wait_till_ready
    spi_flash.o(.text) refers to spi_58x.o(.text) for spi_set_bitmode
    spi_flash.o(.text) refers to spi_58x.o(.text) for spi_transaction
    spi_flash.o(.text) refers to spi_58x.o(.text) for spi_set_bitmode
    spi_flash.o(.text) refers to spi_58x.o(.text) for spi_transaction
    spi_flash.o(.text) refers to spi_flash.o(.text) for spi_flash_read_config_reg
    spi_flash.o(.text) refers to spi_flash.o(.text) for spi_flash_read_config_reg
    spi_flash.o(.text) refers to spi_flash.o(.text) for spi_flash_read_status_reg
    spi_flash.o(.text) refers to spi_flash.o(.text) for spi_flash_write_status_config_reg
    spi_flash.o(.text) refers to spi_flash.o(.text) for spi_flash_is_busy
    spi_flash.o(.text) refers to spi_58x.o(.text) for spi_set_bitmode
    spi_flash.o(.text) refers to spi_58x.o(.text) for spi_cs_low
    spi_flash.o(.text) refers to spi_58x.o(.text) for spi_access
    spi_flash.o(.text) refers to spi_58x.o(.text) for spi_cs_high
    spi_flash.o(.text) refers to spi_flash.o(.text) for spi_flash_is_busy
    spi_flash.o(.text) refers to spi_58x.o(.text) for spi_set_bitmode
    spi_flash.o(.text) refers to spi_58x.o(.text) for spi_cs_low
    spi_flash.o(.text) refers to spi_58x.o(.text) for spi_access
    spi_flash.o(.text) refers to spi_58x.o(.text) for spi_cs_high
    spi_flash.o(.text) refers to spi_flash.o(.text) for spi_flash_is_busy
    spi_flash.o(.text) refers to spi_flash.o(.text) for spi_flash_write_enable
    spi_flash.o(.text) refers to spi_flash.o(.text) for spi_flash_read_status_reg
    spi_flash.o(.text) refers to spi_flash.o(.text) for spi_flash_write_status_reg
    spi_flash.o(.text) refers to spi_flash.o(.text) for spi_flash_is_busy
    spi_flash.o(.text) refers to spi_flash.o(.text) for spi_flash_write_enable
    spi_flash.o(.text) refers to spi_58x.o(.text) for spi_set_bitmode
    spi_flash.o(.text) refers to spi_58x.o(.text) for spi_transaction
    spi_flash.o(.text) refers to spi_flash.o(.text) for spi_flash_wait_till_ready
    spi_flash.o(.text) refers to spi_flash.o(.text) for spi_flash_is_busy
    spi_flash.o(.text) refers to spi_flash.o(.text) for spi_flash_write_enable
    spi_flash.o(.text) refers to spi_58x.o(.text) for spi_set_bitmode
    spi_flash.o(.text) refers to spi_58x.o(.text) for spi_transaction
    spi_flash.o(.text) refers to spi_flash.o(.text) for spi_flash_wait_till_ready
    spi_flash.o(.text) refers to spi_flash.o(.text) for spi_flash_is_busy
    spi_flash.o(.text) refers to spi_flash.o(.text) for spi_flash_write_enable
    spi_flash.o(.text) refers to spi_58x.o(.text) for spi_set_bitmode
    spi_flash.o(.text) refers to spi_58x.o(.text) for spi_transaction
    spi_flash.o(.text) refers to spi_flash.o(.text) for spi_flash_is_busy
    spi_flash.o(.text) refers to spi_flash.o(.text) for spi_flash_write_enable
    spi_flash.o(.text) refers to spi_58x.o(.text) for spi_set_bitmode
    spi_flash.o(.text) refers to spi_58x.o(.text) for spi_transaction
    spi_flash.o(.text) refers to spi_flash.o(.text) for spi_flash_wait_till_ready
    spi_flash.o(.text) refers to spi_flash.o(.text) for spi_flash_is_busy
    spi_flash.o(.text) refers to spi_flash.o(.text) for spi_flash_configure_memory_protection
    spi_flash.o(.text) refers to spi_flash.o(.text) for spi_flash_chip_erase
    spi_flash.o(.text) refers to spi_flash.o(.text) for spi_flash_read_security_reg
    spi_flash.o(.text) refers to spi_flash.o(.text) for spi_flash_is_busy
    spi_flash.o(.text) refers to spi_flash.o(.text) for spi_flash_write_enable
    spi_flash.o(.text) refers to spi_58x.o(.text) for spi_set_bitmode
    spi_flash.o(.text) refers to spi_58x.o(.text) for spi_cs_low
    spi_flash.o(.text) refers to spi_58x.o(.text) for spi_access
    spi_flash.o(.text) refers to spi_58x.o(.text) for spi_cs_high
    spi_flash.o(.text) refers to spi_flash.o(.text) for spi_flash_wait_till_ready
    spi_flash.o(.text) refers to spi_flash.o(.text) for spi_flash_is_busy
    spi_flash.o(.text) refers to spi_flash.o(.text) for spi_flash_write_enable
    spi_flash.o(.text) refers to spi_58x.o(.text) for spi_set_bitmode
    spi_flash.o(.text) refers to spi_58x.o(.text) for spi_cs_low
    spi_flash.o(.text) refers to spi_58x.o(.text) for spi_access
    spi_flash.o(.text) refers to spi_58x.o(.text) for spi_send
    spi_flash.o(.text) refers to spi_58x.o(.text) for spi_cs_high
    spi_flash.o(.text) refers to spi_flash.o(.text) for spi_flash_wait_till_ready
    spi_flash.o(.text) refers to spi_58x.o(.text) for spi_set_bitmode
    spi_flash.o(.text) refers to spi_flash.o(.text) for spi_flash_page_program
    spi_flash.o(.text) refers to spi_flash.o(.bss) for .bss
    spi_flash.o(.text) refers to spi_58x.o(.text) for spi_set_bitmode
    spi_flash.o(.text) refers to spi_flash.o(.text) for spi_flash_page_program_buffer
    spi_flash.o(.text) refers to spi_flash.o(.bss) for .bss
    spi_flash.o(.text) refers to spi_flash.o(.text) for spi_flash_is_busy
    spi_flash.o(.text) refers to spi_flash.o(.text) for spi_flash_write_enable
    spi_flash.o(.text) refers to spi_58x.o(.text) for spi_set_bitmode
    spi_flash.o(.text) refers to spi_58x.o(.text) for spi_cs_low
    spi_flash.o(.text) refers to spi_58x.o(.text) for spi_access
    spi_flash.o(.text) refers to spi_58x.o(.text) for spi_cs_high
    spi_flash.o(.text) refers to spi_flash.o(.text) for spi_flash_wait_till_ready
    spi_flash.o(.text) refers to spi_58x.o(.text) for spi_set_bitmode
    spi_flash.o(.text) refers to spi_flash.o(.text) for spi_flash_page_fill
    spi_flash.o(.text) refers to spi_flash.o(.bss) for .bss
    spi_flash.o(.text) refers to spi_flash.o(.text) for spi_flash_read_security_reg
    spi_flash.o(.text) refers to spi_flash.o(.text) for spi_flash_is_busy
    spi_flash.o(.text) refers to spi_58x.o(.text) for spi_set_bitmode
    spi_flash.o(.text) refers to spi_58x.o(.text) for spi_cs_low
    spi_flash.o(.text) refers to spi_58x.o(.text) for spi_access
    spi_flash.o(.text) refers to spi_58x.o(.text) for spi_cs_high
    spi_flash.o(.text) refers to spi_flash.o(.bss) for .bss
    spi_flash.o(.text) refers to spi_flash.o(.text) for spi_flash_is_busy
    spi_flash.o(.text) refers to spi_58x.o(.text) for spi_set_bitmode
    spi_flash.o(.text) refers to spi_58x.o(.text) for spi_cs_low
    spi_flash.o(.text) refers to spi_58x.o(.text) for spi_access
    spi_flash.o(.text) refers to spi_58x.o(.text) for spi_receive
    spi_flash.o(.text) refers to uidiv.o(.text) for __aeabi_uidivmod
    spi_flash.o(.text) refers to spi_58x.o(.text) for spi_cs_high
    spi_flash.o(.text) refers to spi_flash.o(.bss) for .bss
    spi_flash.o(.text) refers to spi_flash.o(.text) for spi_flash_read_data
    spi_flash.o(.text) refers to spi_flash.o(.text) for spi_flash_is_page_empty
    spi_flash.o(.text) refers to spi_flash.o(.text) for spi_flash_is_sector_empty
    spi_flash.o(.text) refers to spi_flash.o(.bss) for .bss
    spi_58x.o(.text) refers to gpio.o(.text) for GPIO_SetActive
    spi_58x.o(.text) refers to spi_58x.o(retention_mem_area0) for retention_mem_area0
    spi_58x.o(.text) refers to spi_58x.o(.text) for spi_cs_high
    spi_58x.o(.text) refers to spi_58x.o(retention_mem_area0) for retention_mem_area0
    spi_58x.o(.text) refers to spi_58x.o(.text) for spi_cs_high
    spi_58x.o(.text) refers to spi_58x.o(.text) for spi_enable
    spi_58x.o(.text) refers to spi_58x.o(retention_mem_area0) for retention_mem_area0
    spi_58x.o(.text) refers to gpio.o(.text) for GPIO_SetInactive
    spi_58x.o(.text) refers to spi_58x.o(retention_mem_area0) for retention_mem_area0
    spi_58x.o(.text) refers to spi_58x.o(.text) for wait_spi_to_finish
    spi_58x.o(.text) refers to spi_58x.o(.text) for wait_spi_to_finish
    spi_58x.o(.text) refers to spi_58x.o(.text) for wait_spi_to_finish
    spi_58x.o(.text) refers to spi_58x.o(.text) for spi_cs_low
    spi_58x.o(.text) refers to spi_58x.o(.text) for spi_access
    spi_58x.o(.text) refers to spi_58x.o(.text) for spi_cs_high
    timer0.o(.text) refers to timer0.o(retention_mem_area0) for retention_mem_area0
    timer0.o(.text) refers to timer0.o(.text) for timer0_stop
    systick.o(.text) refers to systick.o(retention_mem_area0) for retention_mem_area0
    systick.o(.text) refers to systick.o(.text) for systick_start
    systick.o(.text) refers to systick.o(.text) for systick_stop
    main.o(.text) refers to arch_system.o(.text) for system_init
    main.o(.text) refers to adc_read.o(.text) for adc_channels_init
    main.o(.text) refers to display.o(.text) for display_init
    main.o(.text) refers to systick.o(.text) for systick_register_callback
    main.o(.text) refers to f2d.o(.text) for __aeabi_f2d
    main.o(.text) refers to dadd.o(.text) for __aeabi_dadd
    main.o(.text) refers to cdrcmple.o(.text) for __aeabi_cdrcmple
    main.o(.text) refers to cdcmple.o(.text) for __aeabi_cdcmple
    main.o(.text) refers to main.o(.data) for .data
    user_periph_setup.o(.text) refers to uart.o(.text) for uart_initialize
    user_periph_setup.o(.text) refers to gpio.o(.text) for GPIO_ConfigurePin
    user_periph_setup.o(.text) refers to user_periph_setup.o(.constdata) for .constdata
    arch_system.o(.text) refers to arch_system.o(retention_mem_area0) for retention_mem_area0
    arch_system.o(.text) refers to gpio.o(.text) for GPIO_init
    arch_system.o(.text) refers to hw_otpc_58x.o(.text) for hw_otpc_manual_read_on
    arch_system.o(.text) refers to user_periph_setup.o(.text) for periph_init
    adc_read.o(.text) refers to gpio.o(.text) for GPIO_SetPinFunction
    adc_read.o(.text) refers to adc_58x.o(.text) for adc_init
    adc_read.o(.text) refers to ffltui.o(.text) for __aeabi_ui2f
    adc_read.o(.text) refers to fdiv.o(.text) for __aeabi_fdiv
    adc_read.o(.text) refers to f2d.o(.text) for __aeabi_f2d
    adc_read.o(.text) refers to dadd.o(.text) for __aeabi_dadd
    adc_read.o(.text) refers to dmul.o(.text) for __aeabi_dmul
    adc_read.o(.text) refers to d2f.o(.text) for __aeabi_d2f
    adc_read.o(.text) refers to fmul.o(.text) for __aeabi_fmul
    adc_read.o(.text) refers to adc_read.o(.constdata) for .constdata
    adc_read.o(.text) refers to adc_read.o(.data) for .data
    display.o(.text) refers to gpio.o(.text) for GPIO_SetActive
    display.o(.text) refers to timer0.o(.text) for timer0_stop
    display.o(.text) refers to fdiv.o(.text) for __aeabi_fdiv
    display.o(.text) refers to ffixui.o(.text) for __aeabi_f2uiz
    display.o(.text) refers to ffltui.o(.text) for __aeabi_ui2f
    display.o(.text) refers to fmul.o(.text) for __aeabi_fmul
    display.o(.text) refers to fadd.o(.text) for __aeabi_fsub
    display.o(.text) refers to display.o(.data) for .data
    display.o(.text) refers to display.o(.constdata) for .constdata
    entry.o(.ARM.Collect$$$$00000000) refers (Special) to entry10a.o(.ARM.Collect$$$$0000000F) for __rt_final_cpp
    entry.o(.ARM.Collect$$$$00000000) refers (Special) to entry11a.o(.ARM.Collect$$$$00000011) for __rt_final_exit
    entry.o(.ARM.Collect$$$$00000000) refers (Special) to entry12b.o(.ARM.Collect$$$$0000000E) for __rt_lib_shutdown_fini
    entry.o(.ARM.Collect$$$$00000000) refers (Special) to entry7b.o(.ARM.Collect$$$$00000008) for _main_clock
    entry.o(.ARM.Collect$$$$00000000) refers (Special) to entry8b.o(.ARM.Collect$$$$0000000A) for _main_cpp_init
    entry.o(.ARM.Collect$$$$00000000) refers (Special) to entry9a.o(.ARM.Collect$$$$0000000B) for _main_init
    entry.o(.ARM.Collect$$$$00000000) refers (Special) to entry5.o(.ARM.Collect$$$$00000004) for _main_scatterload
    entry.o(.ARM.Collect$$$$00000000) refers (Special) to entry2.o(.ARM.Collect$$$$00000001) for _main_stk
    idiv.o(.text) refers to uidiv.o(.text) for __aeabi_uidivmod
    fadd.o(.text) refers (Special) to iusefp.o(.text) for __I$use$fp
    fadd.o(.text) refers to fepilogue.o(.text) for _float_epilogue
    fmul.o(.text) refers (Special) to iusefp.o(.text) for __I$use$fp
    fdiv.o(.text) refers (Special) to iusefp.o(.text) for __I$use$fp
    fdiv.o(.text) refers to fepilogue.o(.text) for _float_round
    dadd.o(.text) refers (Special) to iusefp.o(.text) for __I$use$fp
    dadd.o(.text) refers to llshl.o(.text) for __aeabi_llsl
    dadd.o(.text) refers to llsshr.o(.text) for __aeabi_lasr
    dadd.o(.text) refers to depilogue.o(.text) for _double_epilogue
    dmul.o(.text) refers (Special) to iusefp.o(.text) for __I$use$fp
    dmul.o(.text) refers to depilogue.o(.text) for _double_epilogue
    ffltui.o(.text) refers (Special) to iusefp.o(.text) for __I$use$fp
    ffltui.o(.text) refers to fepilogue.o(.text) for _float_epilogue
    ffixui.o(.text) refers (Special) to iusefp.o(.text) for __I$use$fp
    f2d.o(.text) refers (Special) to iusefp.o(.text) for __I$use$fp
    cdcmple.o(.text) refers (Special) to iusefp.o(.text) for __I$use$fp
    cdrcmple.o(.text) refers (Special) to iusefp.o(.text) for __I$use$fp
    d2f.o(.text) refers (Special) to iusefp.o(.text) for __I$use$fp
    d2f.o(.text) refers to fepilogue.o(.text) for _float_round
    entry2.o(.ARM.Collect$$$$00000001) refers to entry2.o(.ARM.Collect$$$$00002712) for __lit__00000000
    entry2.o(.ARM.Collect$$$$00002712) refers to startup_da14585_586.o(STACK) for __initial_sp
    entry2.o(__vectab_stack_and_reset_area) refers to startup_da14585_586.o(STACK) for __initial_sp
    entry2.o(__vectab_stack_and_reset_area) refers to entry.o(.ARM.Collect$$$$00000000) for __main
    entry5.o(.ARM.Collect$$$$00000004) refers to init.o(.text) for __scatterload
    entry9a.o(.ARM.Collect$$$$0000000B) refers to main.o(.text) for main
    entry9b.o(.ARM.Collect$$$$0000000C) refers to main.o(.text) for main
    depilogue.o(.text) refers to depilogue.o(i.__ARM_clz) for __ARM_clz
    depilogue.o(.text) refers to llshl.o(.text) for __aeabi_llsl
    depilogue.o(.text) refers to llushr.o(.text) for __aeabi_llsr
    init.o(.text) refers to entry5.o(.ARM.Collect$$$$00000004) for __main_after_scatterload


==============================================================================

Removing Unused input sections from the image.

    Removing system_da14585_586.o(.rev16_text), (4 bytes).
    Removing system_da14585_586.o(.revsh_text), (4 bytes).
    Removing system_da14585_586.o(.text), (16 bytes).
    Removing system_da14585_586.o(.data), (4 bytes).
    Removing startup_da14585_586.o(HEAP), (256 bytes).
    Removing gpio.o(.rev16_text), (4 bytes).
    Removing gpio.o(.revsh_text), (4 bytes).
    Removing gpio.o(.text), (28 bytes).
    Removing gpio.o(.text), (48 bytes).
    Removing gpio.o(.text), (32 bytes).
    Removing gpio.o(.text), (32 bytes).
    Removing gpio.o(.text), (248 bytes).
    Removing gpio.o(.text), (144 bytes).
    Removing gpio.o(.text), (36 bytes).
    Removing gpio.o(.text), (24 bytes).
    Removing gpio.o(.text), (92 bytes).
    Removing gpio.o(.text), (12 bytes).
    Removing gpio.o(.text), (16 bytes).
    Removing gpio.o(.text), (16 bytes).
    Removing uart.o(.rev16_text), (4 bytes).
    Removing uart.o(.revsh_text), (4 bytes).
    Removing uart.o(.text), (68 bytes).
    Removing uart.o(.text), (56 bytes).
    Removing uart.o(.text), (32 bytes).
    Removing uart.o(.text), (32 bytes).
    Removing uart.o(.text), (32 bytes).
    Removing uart.o(.text), (14 bytes).
    Removing uart.o(.text), (30 bytes).
    Removing uart.o(.text), (120 bytes).
    Removing uart.o(.text), (12 bytes).
    Removing uart.o(.text), (14 bytes).
    Removing uart.o(.text), (28 bytes).
    Removing uart.o(.text), (120 bytes).
    Removing uart.o(.text), (22 bytes).
    Removing uart.o(.text), (94 bytes).
    Removing uart.o(.text), (24 bytes).
    Removing uart.o(.text), (32 bytes).
    Removing uart_utils.o(.rev16_text), (4 bytes).
    Removing uart_utils.o(.revsh_text), (4 bytes).
    Removing uart_utils.o(.text), (74 bytes).
    Removing uart_utils.o(.text), (76 bytes).
    Removing uart_utils.o(.text), (26 bytes).
    Removing uart_utils.o(.text), (22 bytes).
    Removing uart_utils.o(.text), (42 bytes).
    Removing uart_utils.o(.text), (28 bytes).
    Removing adc_58x.o(.rev16_text), (4 bytes).
    Removing adc_58x.o(.revsh_text), (4 bytes).
    Removing adc_58x.o(.text), (28 bytes).
    Removing adc_58x.o(.text), (56 bytes).
    Removing adc_58x.o(.text), (44 bytes).
    Removing adc_58x.o(.text), (12 bytes).
    Removing adc_58x.o(.text), (92 bytes).
    Removing adc_58x.o(.constdata), (4 bytes).
    Removing hw_otpc_58x.o(.rev16_text), (4 bytes).
    Removing hw_otpc_58x.o(.revsh_text), (4 bytes).
    Removing hw_otpc_58x.o(.text), (40 bytes).
    Removing hw_otpc_58x.o(.text), (20 bytes).
    Removing hw_otpc_58x.o(.text), (80 bytes).
    Removing hw_otpc_58x.o(.text), (96 bytes).
    Removing hw_otpc_58x.o(.text), (164 bytes).
    Removing hw_otpc_58x.o(.text), (12 bytes).
    Removing hw_otpc_58x.o(.text), (168 bytes).
    Removing hw_otpc_58x.o(.text), (64 bytes).
    Removing hw_otpc_58x.o(.text), (52 bytes).
    Removing hw_otpc_58x.o(.text), (92 bytes).
    Removing hw_otpc_58x.o(.text), (104 bytes).
    Removing hw_otpc_58x.o(.text), (32 bytes).
    Removing hw_otpc_58x.o(.text), (16 bytes).
    Removing hw_otpc_58x.o(.text), (10 bytes).
    Removing hw_otpc_58x.o(.text), (10 bytes).
    Removing hw_otpc_58x.o(.text), (10 bytes).
    Removing hw_otpc_58x.o(.text), (16 bytes).
    Removing hw_otpc_58x.o(.text), (116 bytes).
    Removing hw_otpc_58x.o(.text), (36 bytes).
    Removing hw_otpc_58x.o(.constdata), (20 bytes).
    Removing battery.o(.rev16_text), (4 bytes).
    Removing battery.o(.revsh_text), (4 bytes).
    Removing battery.o(.text), (220 bytes).
    Removing battery.o(.text), (56 bytes).
    Removing battery.o(.text), (2 bytes).
    Removing battery.o(.constdata), (12 bytes).
    Removing battery.o(retention_mem_area0), (8 bytes).
    Removing spi_flash.o(.rev16_text), (4 bytes).
    Removing spi_flash.o(.revsh_text), (4 bytes).
    Removing spi_flash.o(.text), (20 bytes).
    Removing spi_flash.o(.text), (16 bytes).
    Removing spi_flash.o(.text), (32 bytes).
    Removing spi_flash.o(.text), (26 bytes).
    Removing spi_flash.o(.text), (12 bytes).
    Removing spi_flash.o(.text), (32 bytes).
    Removing spi_flash.o(.text), (76 bytes).
    Removing spi_flash.o(.text), (100 bytes).
    Removing spi_flash.o(.text), (20 bytes).
    Removing spi_flash.o(.text), (24 bytes).
    Removing spi_flash.o(.text), (48 bytes).
    Removing spi_flash.o(.text), (10 bytes).
    Removing spi_flash.o(.text), (10 bytes).
    Removing spi_flash.o(.text), (46 bytes).
    Removing spi_flash.o(.text), (34 bytes).
    Removing spi_flash.o(.text), (26 bytes).
    Removing spi_flash.o(.text), (40 bytes).
    Removing spi_flash.o(.text), (22 bytes).
    Removing spi_flash.o(.text), (8 bytes).
    Removing spi_flash.o(.text), (36 bytes).
    Removing spi_flash.o(.text), (52 bytes).
    Removing spi_flash.o(.text), (70 bytes).
    Removing spi_flash.o(.text), (44 bytes).
    Removing spi_flash.o(.text), (44 bytes).
    Removing spi_flash.o(.text), (44 bytes).
    Removing spi_flash.o(.text), (42 bytes).
    Removing spi_flash.o(.text), (36 bytes).
    Removing spi_flash.o(.text), (24 bytes).
    Removing spi_flash.o(.text), (22 bytes).
    Removing spi_flash.o(.text), (92 bytes).
    Removing spi_flash.o(.text), (82 bytes).
    Removing spi_flash.o(.text), (108 bytes).
    Removing spi_flash.o(.text), (108 bytes).
    Removing spi_flash.o(.text), (88 bytes).
    Removing spi_flash.o(.text), (100 bytes).
    Removing spi_flash.o(.text), (22 bytes).
    Removing spi_flash.o(.text), (100 bytes).
    Removing spi_flash.o(.text), (132 bytes).
    Removing spi_flash.o(.text), (68 bytes).
    Removing spi_flash.o(.text), (36 bytes).
    Removing spi_flash.o(.text), (40 bytes).
    Removing spi_flash.o(.bss), (12 bytes).
    Removing spi_flash.o(.constdata), (96 bytes).
    Removing spi_58x.o(.rev16_text), (4 bytes).
    Removing spi_58x.o(.revsh_text), (4 bytes).
    Removing spi_58x.o(.text), (36 bytes).
    Removing spi_58x.o(.text), (20 bytes).
    Removing spi_58x.o(.text), (60 bytes).
    Removing spi_58x.o(.text), (56 bytes).
    Removing spi_58x.o(.text), (24 bytes).
    Removing spi_58x.o(.text), (36 bytes).
    Removing spi_58x.o(.text), (40 bytes).
    Removing spi_58x.o(.text), (40 bytes).
    Removing spi_58x.o(.text), (92 bytes).
    Removing spi_58x.o(.text), (20 bytes).
    Removing spi_58x.o(.text), (96 bytes).
    Removing spi_58x.o(.text), (104 bytes).
    Removing spi_58x.o(.text), (152 bytes).
    Removing spi_58x.o(.text), (64 bytes).
    Removing spi_58x.o(.text), (24 bytes).
    Removing spi_58x.o(.text), (28 bytes).
    Removing spi_58x.o(retention_mem_area0), (2 bytes).
    Removing timer0.o(.rev16_text), (4 bytes).
    Removing timer0.o(.revsh_text), (4 bytes).
    Removing timer0.o(.text), (8 bytes).
    Removing timer0.o(.text), (16 bytes).
    Removing timer0.o(.text), (24 bytes).
    Removing systick.o(.rev16_text), (4 bytes).
    Removing systick.o(.revsh_text), (4 bytes).
    Removing systick.o(.text), (24 bytes).
    Removing systick.o(.text), (28 bytes).
    Removing systick.o(.text), (16 bytes).
    Removing main.o(.rev16_text), (4 bytes).
    Removing main.o(.revsh_text), (4 bytes).
    Removing user_periph_setup.o(.rev16_text), (4 bytes).
    Removing user_periph_setup.o(.revsh_text), (4 bytes).
    Removing arch_system.o(.rev16_text), (4 bytes).
    Removing arch_system.o(.revsh_text), (4 bytes).
    Removing arch_system.o(.text), (2 bytes).
    Removing arch_system.o(.text), (92 bytes).
    Removing arch_system.o(retention_mem_area0), (2 bytes).
    Removing adc_read.o(.rev16_text), (4 bytes).
    Removing adc_read.o(.revsh_text), (4 bytes).
    Removing display.o(.rev16_text), (4 bytes).
    Removing display.o(.revsh_text), (4 bytes).

169 unused section(s) (total 7028 bytes) removed from the image.

==============================================================================

Image Symbol Table

    Local Symbols

    Symbol Name                              Value     Ov Type        Size  Object(Section)

    ../clib/microlib/division.c              0x00000000   Number         0  idiv.o ABSOLUTE
    ../clib/microlib/division.c              0x00000000   Number         0  uidiv.o ABSOLUTE
    ../clib/microlib/init/entry.s            0x00000000   Number         0  entry10b.o ABSOLUTE
    ../clib/microlib/init/entry.s            0x00000000   Number         0  entry8b.o ABSOLUTE
    ../clib/microlib/init/entry.s            0x00000000   Number         0  entry8a.o ABSOLUTE
    ../clib/microlib/init/entry.s            0x00000000   Number         0  entry7b.o ABSOLUTE
    ../clib/microlib/init/entry.s            0x00000000   Number         0  entry12b.o ABSOLUTE
    ../clib/microlib/init/entry.s            0x00000000   Number         0  entry7a.o ABSOLUTE
    ../clib/microlib/init/entry.s            0x00000000   Number         0  entry12a.o ABSOLUTE
    ../clib/microlib/init/entry.s            0x00000000   Number         0  entry11b.o ABSOLUTE
    ../clib/microlib/init/entry.s            0x00000000   Number         0  entry11a.o ABSOLUTE
    ../clib/microlib/init/entry.s            0x00000000   Number         0  entry5.o ABSOLUTE
    ../clib/microlib/init/entry.s            0x00000000   Number         0  entry2.o ABSOLUTE
    ../clib/microlib/init/entry.s            0x00000000   Number         0  entry10a.o ABSOLUTE
    ../clib/microlib/init/entry.s            0x00000000   Number         0  entry9b.o ABSOLUTE
    ../clib/microlib/init/entry.s            0x00000000   Number         0  entry9a.o ABSOLUTE
    ../clib/microlib/init/entry.s            0x00000000   Number         0  entry.o ABSOLUTE
    ../clib/microlib/longlong.c              0x00000000   Number         0  llsshr.o ABSOLUTE
    ../clib/microlib/longlong.c              0x00000000   Number         0  llshl.o ABSOLUTE
    ../clib/microlib/longlong.c              0x00000000   Number         0  llushr.o ABSOLUTE
    ../clib/microlib/string/memcpy.c         0x00000000   Number         0  memcpyb.o ABSOLUTE
    ../clib/microlib/string/memcpy.c         0x00000000   Number         0  memcpya.o ABSOLUTE
    ../clib/microlib/string/strlen.c         0x00000000   Number         0  strlen.o ABSOLUTE
    ../clib/microlib/stubs.s                 0x00000000   Number         0  iusefp.o ABSOLUTE
    ../fplib/microlib/d2f.c                  0x00000000   Number         0  d2f.o ABSOLUTE
    ../fplib/microlib/f2d.c                  0x00000000   Number         0  f2d.o ABSOLUTE
    ../fplib/microlib/fpadd.c                0x00000000   Number         0  fadd.o ABSOLUTE
    ../fplib/microlib/fpadd.c                0x00000000   Number         0  dadd.o ABSOLUTE
    ../fplib/microlib/fpdiv.c                0x00000000   Number         0  fdiv.o ABSOLUTE
    ../fplib/microlib/fpepilogue.c           0x00000000   Number         0  depilogue.o ABSOLUTE
    ../fplib/microlib/fpepilogue.c           0x00000000   Number         0  fepilogue.o ABSOLUTE
    ../fplib/microlib/fpfix.c                0x00000000   Number         0  ffixui.o ABSOLUTE
    ../fplib/microlib/fpflt.c                0x00000000   Number         0  ffltui.o ABSOLUTE
    ../fplib/microlib/fpmul.c                0x00000000   Number         0  dmul.o ABSOLUTE
    ../fplib/microlib/fpmul.c                0x00000000   Number         0  fmul.o ABSOLUTE
    ..\..\..\..\..\..\sdk\platform\arch\boot\ARM\startup_DA14585_586.s 0x00000000   Number         0  startup_da14585_586.o ABSOLUTE
    ..\..\..\..\..\..\sdk\platform\arch\boot\system_DA14585_586.c 0x00000000   Number         0  system_da14585_586.o ABSOLUTE
    ..\..\..\..\..\..\sdk\platform\arch\main\arch_system.c 0x00000000   Number         0  arch_system.o ABSOLUTE
    ..\..\..\..\..\..\sdk\platform\driver\adc\adc_58x.c 0x00000000   Number         0  adc_58x.o ABSOLUTE
    ..\..\..\..\..\..\sdk\platform\driver\battery\battery.c 0x00000000   Number         0  battery.o ABSOLUTE
    ..\..\..\..\..\..\sdk\platform\driver\gpio\gpio.c 0x00000000   Number         0  gpio.o ABSOLUTE
    ..\..\..\..\..\..\sdk\platform\driver\hw_otpc\hw_otpc_58x.c 0x00000000   Number         0  hw_otpc_58x.o ABSOLUTE
    ..\..\..\..\..\..\sdk\platform\driver\spi\spi_58x.c 0x00000000   Number         0  spi_58x.o ABSOLUTE
    ..\..\..\..\..\..\sdk\platform\driver\spi_flash\spi_flash.c 0x00000000   Number         0  spi_flash.o ABSOLUTE
    ..\..\..\..\..\..\sdk\platform\driver\systick\systick.c 0x00000000   Number         0  systick.o ABSOLUTE
    ..\..\..\..\..\..\sdk\platform\driver\timer\timer0.c 0x00000000   Number         0  timer0.o ABSOLUTE
    ..\..\..\..\..\..\sdk\platform\driver\uart\uart.c 0x00000000   Number         0  uart.o ABSOLUTE
    ..\..\..\..\..\..\sdk\platform\driver\uart\uart_utils.c 0x00000000   Number         0  uart_utils.o ABSOLUTE
    ..\..\..\shared\source\exceptions.c      0x00000000   Number         0  exceptions.o ABSOLUTE
    ..\\..\\..\\..\\..\\..\\sdk\\platform\\arch\\boot\\system_DA14585_586.c 0x00000000   Number         0  system_da14585_586.o ABSOLUTE
    ..\\..\\..\\..\\..\\..\\sdk\\platform\\arch\\main\\arch_system.c 0x00000000   Number         0  arch_system.o ABSOLUTE
    ..\\..\\..\\..\\..\\..\\sdk\\platform\\driver\\adc\\adc_58x.c 0x00000000   Number         0  adc_58x.o ABSOLUTE
    ..\\..\\..\\..\\..\\..\\sdk\\platform\\driver\\battery\\battery.c 0x00000000   Number         0  battery.o ABSOLUTE
    ..\\..\\..\\..\\..\\..\\sdk\\platform\\driver\\gpio\\gpio.c 0x00000000   Number         0  gpio.o ABSOLUTE
    ..\\..\\..\\..\\..\\..\\sdk\\platform\\driver\\hw_otpc\\hw_otpc_58x.c 0x00000000   Number         0  hw_otpc_58x.o ABSOLUTE
    ..\\..\\..\\..\\..\\..\\sdk\\platform\\driver\\spi\\spi_58x.c 0x00000000   Number         0  spi_58x.o ABSOLUTE
    ..\\..\\..\\..\\..\\..\\sdk\\platform\\driver\\spi_flash\\spi_flash.c 0x00000000   Number         0  spi_flash.o ABSOLUTE
    ..\\..\\..\\..\\..\\..\\sdk\\platform\\driver\\systick\\systick.c 0x00000000   Number         0  systick.o ABSOLUTE
    ..\\..\\..\\..\\..\\..\\sdk\\platform\\driver\\timer\\timer0.c 0x00000000   Number         0  timer0.o ABSOLUTE
    ..\\..\\..\\..\\..\\..\\sdk\\platform\\driver\\uart\\uart.c 0x00000000   Number         0  uart.o ABSOLUTE
    ..\\..\\..\\..\\..\\..\\sdk\\platform\\driver\\uart\\uart_utils.c 0x00000000   Number         0  uart_utils.o ABSOLUTE
    ..\\src\\adc_read.c                      0x00000000   Number         0  adc_read.o ABSOLUTE
    ..\\src\\display.c                       0x00000000   Number         0  display.o ABSOLUTE
    ..\\src\\main.c                          0x00000000   Number         0  main.o ABSOLUTE
    ..\\src\\user_periph_setup.c             0x00000000   Number         0  user_periph_setup.o ABSOLUTE
    ..\src\adc_read.c                        0x00000000   Number         0  adc_read.o ABSOLUTE
    ..\src\display.c                         0x00000000   Number         0  display.o ABSOLUTE
    ..\src\main.c                            0x00000000   Number         0  main.o ABSOLUTE
    ..\src\user_periph_setup.c               0x00000000   Number         0  user_periph_setup.o ABSOLUTE
    cdcmple.s                                0x00000000   Number         0  cdcmple.o ABSOLUTE
    cdrcmple.s                               0x00000000   Number         0  cdrcmple.o ABSOLUTE
    dc.s                                     0x00000000   Number         0  dc.o ABSOLUTE
    handlers.s                               0x00000000   Number         0  handlers.o ABSOLUTE
    init.s                                   0x00000000   Number         0  init.o ABSOLUTE
    RESET                                    0x07fc0000   Section      160  startup_da14585_586.o(RESET)
    .ARM.Collect$$$$00000000                 0x07fc00a0   Section        0  entry.o(.ARM.Collect$$$$00000000)
    .ARM.Collect$$$$00000001                 0x07fc00a0   Section        4  entry2.o(.ARM.Collect$$$$00000001)
    .ARM.Collect$$$$00000004                 0x07fc00a4   Section        4  entry5.o(.ARM.Collect$$$$00000004)
    .ARM.Collect$$$$00000008                 0x07fc00a8   Section        0  entry7b.o(.ARM.Collect$$$$00000008)
    .ARM.Collect$$$$0000000A                 0x07fc00a8   Section        0  entry8b.o(.ARM.Collect$$$$0000000A)
    .ARM.Collect$$$$0000000B                 0x07fc00a8   Section        8  entry9a.o(.ARM.Collect$$$$0000000B)
    .ARM.Collect$$$$0000000E                 0x07fc00b0   Section        4  entry12b.o(.ARM.Collect$$$$0000000E)
    .ARM.Collect$$$$0000000F                 0x07fc00b4   Section        0  entry10a.o(.ARM.Collect$$$$0000000F)
    .ARM.Collect$$$$00000011                 0x07fc00b4   Section        0  entry11a.o(.ARM.Collect$$$$00000011)
    .ARM.Collect$$$$00002712                 0x07fc00b4   Section        4  entry2.o(.ARM.Collect$$$$00002712)
    __lit__00000000                          0x07fc00b4   Data           4  entry2.o(.ARM.Collect$$$$00002712)
    .text                                    0x07fc00b8   Section        0  system_da14585_586.o(.text)
    __NVIC_DisableIRQ                        0x07fc00df   Thumb Code    26  system_da14585_586.o(.text)
    .text                                    0x07fc0100   Section       80  startup_da14585_586.o(.text)
    NMI_Handler                              0x07fc0109   Thumb Code    24  startup_da14585_586.o(.text)
    HardFault_Handler                        0x07fc0121   Thumb Code    24  startup_da14585_586.o(.text)
    .text                                    0x07fc0150   Section        0  exceptions.o(.text)
    .text                                    0x07fc0154   Section        0  gpio.o(.text)
    gpioshift16                              0x07fc0225   Thumb Code    32  gpio.o(.text)
    .text                                    0x07fc0254   Section        0  uart.o(.text)
    uart_rx_isr                              0x07fc0255   Thumb Code    72  uart.o(.text)
    uart_intr_hndl                           0x07fc029d   Thumb Code   156  uart.o(.text)
    uart_tx_isr                              0x07fc0445   Thumb Code   100  uart.o(.text)
    .text                                    0x07fc04b4   Section        0  adc_58x.o(.text)
    __NVIC_DisableIRQ                        0x07fc05cd   Thumb Code    26  adc_58x.o(.text)
    adc_configure                            0x07fc05e7   Thumb Code    86  adc_58x.o(.text)
    adc_usDelay                              0x07fc063d   Thumb Code    30  adc_58x.o(.text)
    .text                                    0x07fc0670   Section        0  hw_otpc_58x.o(.text)
    .text                                    0x07fc06d4   Section        0  timer0.o(.text)
    .text                                    0x07fc0738   Section        0  systick.o(.text)
    .text                                    0x07fc0790   Section        0  main.o(.text)
    systick_isr                              0x07fc0791   Thumb Code     8  main.o(.text)
    .text                                    0x07fc0848   Section        0  user_periph_setup.o(.text)
    .text                                    0x07fc0898   Section        0  arch_system.o(.text)
    .text                                    0x07fc0948   Section        0  adc_read.o(.text)
    .text                                    0x07fc0a58   Section        0  display.o(.text)
    timer0_general_callback_function         0x07fc0a59   Thumb Code   150  display.o(.text)
    .text                                    0x07fc0c5c   Section        0  fadd.o(.text)
    .text                                    0x07fc0d0e   Section        0  fmul.o(.text)
    .text                                    0x07fc0d88   Section        0  fdiv.o(.text)
    .text                                    0x07fc0e04   Section        0  dadd.o(.text)
    .text                                    0x07fc0f6c   Section        0  dmul.o(.text)
    .text                                    0x07fc103c   Section        0  ffltui.o(.text)
    .text                                    0x07fc104a   Section        0  ffixui.o(.text)
    .text                                    0x07fc1072   Section        0  f2d.o(.text)
    .text                                    0x07fc109c   Section       40  cdcmple.o(.text)
    .text                                    0x07fc10c4   Section       40  cdrcmple.o(.text)
    .text                                    0x07fc10ec   Section        0  d2f.o(.text)
    .text                                    0x07fc1124   Section        0  llshl.o(.text)
    .text                                    0x07fc1144   Section        0  llsshr.o(.text)
    .text                                    0x07fc116a   Section        0  iusefp.o(.text)
    .text                                    0x07fc116a   Section        0  fepilogue.o(.text)
    .text                                    0x07fc11ec   Section        0  depilogue.o(.text)
    .text                                    0x07fc12ac   Section       36  init.o(.text)
    .text                                    0x07fc12d0   Section        0  llushr.o(.text)
    i.__ARM_clz                              0x07fc12f2   Section        0  depilogue.o(i.__ARM_clz)
    i.__scatterload_copy                     0x07fc1320   Section       14  handlers.o(i.__scatterload_copy)
    i.__scatterload_null                     0x07fc132e   Section        2  handlers.o(i.__scatterload_null)
    i.__scatterload_zeroinit                 0x07fc1330   Section       14  handlers.o(i.__scatterload_zeroinit)
    .constdata                               0x07fc1340   Section       24  user_periph_setup.o(.constdata)
    uart_cfg                                 0x07fc1340   Data          24  user_periph_setup.o(.constdata)
    .constdata                               0x07fc1358   Section        4  adc_read.o(.constdata)
    .constdata                               0x07fc135c   Section       28  display.o(.constdata)
    .data                                    0x07fc8000   Section       20  main.o(.data)
    systic_timer_done                        0x07fc8000   Data           1  main.o(.data)
    timer_for_pot_value                      0x07fc8002   Data           2  main.o(.data)
    prev_pot_value                           0x07fc8004   Data           4  main.o(.data)
    voltage                                  0x07fc8008   Data           4  main.o(.data)
    current                                  0x07fc800c   Data           4  main.o(.data)
    potentiometer                            0x07fc8010   Data           4  main.o(.data)
    .data                                    0x07fc8014   Section        2  adc_read.o(.data)
    adc_value                                0x07fc8014   Data           2  adc_read.o(.data)
    .data                                    0x07fc8016   Section       31  display.o(.data)
    clk_div_config                           0x07fc8016   Data           1  display.o(.data)
    current_seg                              0x07fc8017   Data           1  display.o(.data)
    current_num                              0x07fc8018   Data           1  display.o(.data)
    STACK                                    0x07fc8038   Section     1536  startup_da14585_586.o(STACK)
    retention_mem_area0                      0x07fc8638   Section       20  gpio.o(retention_mem_area0)
    retention_mem_area0                      0x07fc864c   Section       64  uart.o(retention_mem_area0)
    uartn_env                                0x07fc864c   Data          64  uart.o(retention_mem_area0)
    retention_mem_area0                      0x07fc868c   Section        4  adc_58x.o(retention_mem_area0)
    intr_cb                                  0x07fc868c   Data           4  adc_58x.o(retention_mem_area0)
    retention_mem_area0                      0x07fc8690   Section        4  timer0.o(retention_mem_area0)
    retention_mem_area0                      0x07fc8694   Section        4  systick.o(retention_mem_area0)

    Global Symbols

    Symbol Name                              Value     Ov Type        Size  Object(Section)

    BuildAttributes$$THM_ISAv3M$S$PE$A:L22$X:L11$S22$IEEE1$IW$USESV6$~STKCKD$USESV7$~SHL$OTIME$ROPI$EBA8$MICROLIB$REQ8$PRES8$EABIv2 0x00000000   Number         0  anon$$obj.o ABSOLUTE
    __ARM_use_no_argv                        0x00000000   Number         0  main.o ABSOLUTE
    __arm_fini_                               - Undefined Weak Reference
    __cpp_initialize__aeabi_                  - Undefined Weak Reference
    __cxa_finalize                            - Undefined Weak Reference
    __decompress                              - Undefined Weak Reference
    _clock_init                               - Undefined Weak Reference
    _microlib_exit                            - Undefined Weak Reference
    reset_indication                          - Undefined Weak Reference
    __Vectors_Size                           0x000000a0   Number         0  startup_da14585_586.o ABSOLUTE
    __Vectors                                0x07fc0000   Data           4  startup_da14585_586.o(RESET)
    __Vectors_End                            0x07fc00a0   Data           0  startup_da14585_586.o(RESET)
    __main                                   0x07fc00a1   Thumb Code     0  entry.o(.ARM.Collect$$$$00000000)
    _main_stk                                0x07fc00a1   Thumb Code     0  entry2.o(.ARM.Collect$$$$00000001)
    _main_scatterload                        0x07fc00a5   Thumb Code     0  entry5.o(.ARM.Collect$$$$00000004)
    __main_after_scatterload                 0x07fc00a9   Thumb Code     0  entry5.o(.ARM.Collect$$$$00000004)
    _main_clock                              0x07fc00a9   Thumb Code     0  entry7b.o(.ARM.Collect$$$$00000008)
    _main_cpp_init                           0x07fc00a9   Thumb Code     0  entry8b.o(.ARM.Collect$$$$0000000A)
    _main_init                               0x07fc00a9   Thumb Code     0  entry9a.o(.ARM.Collect$$$$0000000B)
    __rt_lib_shutdown_fini                   0x07fc00b1   Thumb Code     0  entry12b.o(.ARM.Collect$$$$0000000E)
    __rt_final_cpp                           0x07fc00b5   Thumb Code     0  entry10a.o(.ARM.Collect$$$$0000000F)
    __rt_final_exit                          0x07fc00b5   Thumb Code     0  entry11a.o(.ARM.Collect$$$$00000011)
    SystemInit                               0x07fc00b9   Thumb Code    38  system_da14585_586.o(.text)
    Reset_Handler                            0x07fc0101   Thumb Code     8  startup_da14585_586.o(.text)
    SVC_Handler                              0x07fc0139   Thumb Code     2  startup_da14585_586.o(.text)
    PendSV_Handler                           0x07fc013b   Thumb Code     2  startup_da14585_586.o(.text)
    BLE_RF_DIAG_Handler                      0x07fc013f   Thumb Code     0  startup_da14585_586.o(.text)
    BLE_WAKEUP_LP_Handler                    0x07fc013f   Thumb Code     0  startup_da14585_586.o(.text)
    DMA_Handler                              0x07fc013f   Thumb Code     0  startup_da14585_586.o(.text)
    I2C_Handler                              0x07fc013f   Thumb Code     0  startup_da14585_586.o(.text)
    KEYBRD_Handler                           0x07fc013f   Thumb Code     0  startup_da14585_586.o(.text)
    PCM_Handler                              0x07fc013f   Thumb Code     0  startup_da14585_586.o(.text)
    RESERVED21_Handler                       0x07fc013f   Thumb Code     0  startup_da14585_586.o(.text)
    RESERVED22_Handler                       0x07fc013f   Thumb Code     0  startup_da14585_586.o(.text)
    RESERVED23_Handler                       0x07fc013f   Thumb Code     0  startup_da14585_586.o(.text)
    RFCAL_Handler                            0x07fc013f   Thumb Code     0  startup_da14585_586.o(.text)
    SPI_Handler                              0x07fc013f   Thumb Code     0  startup_da14585_586.o(.text)
    SRCIN_Handler                            0x07fc013f   Thumb Code     0  startup_da14585_586.o(.text)
    SRCOUT_Handler                           0x07fc013f   Thumb Code     0  startup_da14585_586.o(.text)
    WKUP_QUADEC_Handler                      0x07fc013f   Thumb Code     0  startup_da14585_586.o(.text)
    rwble_isr                                0x07fc013f   Thumb Code     0  startup_da14585_586.o(.text)
    HardFault_HandlerC                       0x07fc0151   Thumb Code     2  exceptions.o(.text)
    NMI_HandlerC                             0x07fc0153   Thumb Code     2  exceptions.o(.text)
    GPIO_init                                0x07fc0155   Thumb Code     2  gpio.o(.text)
    GPIO_SetPinFunction                      0x07fc0157   Thumb Code    24  gpio.o(.text)
    GPIO_SetInactive                         0x07fc016f   Thumb Code    20  gpio.o(.text)
    GPIO_SetActive                           0x07fc0183   Thumb Code    20  gpio.o(.text)
    GPIO_ConfigurePin                        0x07fc0197   Thumb Code    38  gpio.o(.text)
    GPIO_ResetIRQ                            0x07fc01bd   Thumb Code    32  gpio.o(.text)
    GPIOn_Handler                            0x07fc01dd   Thumb Code    52  gpio.o(.text)
    GPIO0_Handler                            0x07fc0211   Thumb Code     4  gpio.o(.text)
    GPIO1_Handler                            0x07fc0215   Thumb Code     4  gpio.o(.text)
    GPIO2_Handler                            0x07fc0219   Thumb Code     4  gpio.o(.text)
    GPIO3_Handler                            0x07fc021d   Thumb Code     4  gpio.o(.text)
    GPIO4_Handler                            0x07fc0221   Thumb Code     4  gpio.o(.text)
    UART_Handler                             0x07fc0339   Thumb Code     4  uart.o(.text)
    UART2_Handler                            0x07fc033d   Thumb Code     4  uart.o(.text)
    uart_enable                              0x07fc0341   Thumb Code    48  uart.o(.text)
    uart_baudrate_setf                       0x07fc0371   Thumb Code    50  uart.o(.text)
    uart_initialize                          0x07fc03a3   Thumb Code   162  uart.o(.text)
    adc_set_diff_input                       0x07fc04b5   Thumb Code    18  adc_58x.o(.text)
    adc_set_se_input                         0x07fc04c7   Thumb Code    18  adc_58x.o(.text)
    adc_init                                 0x07fc04d9   Thumb Code    28  adc_58x.o(.text)
    adc_enable                               0x07fc04f5   Thumb Code    22  adc_58x.o(.text)
    adc_get_sample                           0x07fc050b   Thumb Code    30  adc_58x.o(.text)
    adc_offset_calibrate                     0x07fc0529   Thumb Code   146  adc_58x.o(.text)
    ADC_Handler                              0x07fc05bb   Thumb Code    18  adc_58x.o(.text)
    hw_otpc_disable                          0x07fc0671   Thumb Code    72  hw_otpc_58x.o(.text)
    hw_otpc_manual_read_on                   0x07fc06b9   Thumb Code    18  hw_otpc_58x.o(.text)
    timer0_init                              0x07fc06d5   Thumb Code    30  timer0.o(.text)
    timer0_start                             0x07fc06f3   Thumb Code    12  timer0.o(.text)
    timer0_stop                              0x07fc06ff   Thumb Code    12  timer0.o(.text)
    timer0_enable_irq                        0x07fc070b   Thumb Code    10  timer0.o(.text)
    timer0_register_callback                 0x07fc0715   Thumb Code     6  timer0.o(.text)
    SWTIM_Handler                            0x07fc071b   Thumb Code    12  timer0.o(.text)
    systick_register_callback                0x07fc0739   Thumb Code     6  systick.o(.text)
    SysTick_Handler                          0x07fc073f   Thumb Code    12  systick.o(.text)
    systick_start                            0x07fc074b   Thumb Code    60  systick.o(.text)
    main                                     0x07fc0799   Thumb Code   158  main.o(.text)
    periph_init                              0x07fc0849   Thumb Code    68  user_periph_setup.o(.text)
    system_init                              0x07fc0899   Thumb Code   158  arch_system.o(.text)
    adc_channels_init                        0x07fc0949   Thumb Code    58  adc_read.o(.text)
    adc_read_volt_curr                       0x07fc0983   Thumb Code   160  adc_read.o(.text)
    display_init                             0x07fc0aef   Thumb Code   140  display.o(.text)
    display_update                           0x07fc0b7b   Thumb Code   202  display.o(.text)
    __aeabi_fadd                             0x07fc0c5d   Thumb Code   162  fadd.o(.text)
    __aeabi_fsub                             0x07fc0cff   Thumb Code     8  fadd.o(.text)
    __aeabi_frsub                            0x07fc0d07   Thumb Code     8  fadd.o(.text)
    __aeabi_fmul                             0x07fc0d0f   Thumb Code   122  fmul.o(.text)
    __aeabi_fdiv                             0x07fc0d89   Thumb Code   124  fdiv.o(.text)
    __aeabi_dadd                             0x07fc0e05   Thumb Code   330  dadd.o(.text)
    __aeabi_dsub                             0x07fc0f4f   Thumb Code    12  dadd.o(.text)
    __aeabi_drsub                            0x07fc0f5b   Thumb Code    12  dadd.o(.text)
    __aeabi_dmul                             0x07fc0f6d   Thumb Code   202  dmul.o(.text)
    __aeabi_ui2f                             0x07fc103d   Thumb Code    14  ffltui.o(.text)
    __aeabi_f2uiz                            0x07fc104b   Thumb Code    40  ffixui.o(.text)
    __aeabi_f2d                              0x07fc1073   Thumb Code    40  f2d.o(.text)
    __aeabi_cdcmpeq                          0x07fc109d   Thumb Code     0  cdcmple.o(.text)
    __aeabi_cdcmple                          0x07fc109d   Thumb Code    38  cdcmple.o(.text)
    __aeabi_cdrcmple                         0x07fc10c5   Thumb Code    38  cdrcmple.o(.text)
    __aeabi_d2f                              0x07fc10ed   Thumb Code    56  d2f.o(.text)
    __aeabi_llsl                             0x07fc1125   Thumb Code    32  llshl.o(.text)
    _ll_shift_l                              0x07fc1125   Thumb Code     0  llshl.o(.text)
    __aeabi_lasr                             0x07fc1145   Thumb Code    38  llsshr.o(.text)
    _ll_sshift_r                             0x07fc1145   Thumb Code     0  llsshr.o(.text)
    __I$use$fp                               0x07fc116b   Thumb Code     0  iusefp.o(.text)
    _float_round                             0x07fc116b   Thumb Code    16  fepilogue.o(.text)
    _float_epilogue                          0x07fc117b   Thumb Code   114  fepilogue.o(.text)
    _double_round                            0x07fc11ed   Thumb Code    26  depilogue.o(.text)
    _double_epilogue                         0x07fc1207   Thumb Code   164  depilogue.o(.text)
    __scatterload                            0x07fc12ad   Thumb Code    28  init.o(.text)
    __scatterload_rt2                        0x07fc12ad   Thumb Code     0  init.o(.text)
    __aeabi_llsr                             0x07fc12d1   Thumb Code    34  llushr.o(.text)
    _ll_ushift_r                             0x07fc12d1   Thumb Code     0  llushr.o(.text)
    __ARM_clz                                0x07fc12f3   Thumb Code    46  depilogue.o(i.__ARM_clz)
    __scatterload_copy                       0x07fc1321   Thumb Code    14  handlers.o(i.__scatterload_copy)
    __scatterload_null                       0x07fc132f   Thumb Code     2  handlers.o(i.__scatterload_null)
    __scatterload_zeroinit                   0x07fc1331   Thumb Code    14  handlers.o(i.__scatterload_zeroinit)
    segments_outs                            0x07fc135c   Data          16  display.o(.constdata)
    digits_outs                              0x07fc136c   Data          12  display.o(.constdata)
    Region$$Table$$Base                      0x07fc1378   Number         0  anon$$obj.o(Region$$Table)
    Region$$Table$$Limit                     0x07fc1398   Number         0  anon$$obj.o(Region$$Table)
    dots                                     0x07fc8019   Data           6  display.o(.data)
    volt_curr_digits                         0x07fc801f   Data           6  display.o(.data)
    numbersToDisplay                         0x07fc8025   Data          16  display.o(.data)
    GPIOHandlerFunction                      0x07fc8638   Data          20  gpio.o(retention_mem_area0)
    __initial_sp                             0x07fc8638   Data           0  startup_da14585_586.o(STACK)
    TIMER0_callback                          0x07fc8690   Data           4  timer0.o(retention_mem_area0)
    callback_function                        0x07fc8694   Data           4  systick.o(retention_mem_area0)



==============================================================================

Memory Map of the image

  Image Entry point : 0x07fc00a1

  Load Region LR_IROM1 (Base: 0x07fc0000, Size: 0x000013d0, Max: 0x00008000, ABSOLUTE)

    Execution Region ER_IROM1 (Exec base: 0x07fc0000, Load base: 0x07fc0000, Size: 0x00001398, Max: 0x00008000, ABSOLUTE)

    Exec Addr    Load Addr    Size         Type   Attr      Idx    E Section Name        Object

    0x07fc0000   0x07fc0000   0x000000a0   Data   RO           59    RESET               startup_da14585_586.o
    0x07fc00a0   0x07fc00a0   0x00000000   Code   RO         1303  * .ARM.Collect$$$$00000000  mc_p.l(entry.o)
    0x07fc00a0   0x07fc00a0   0x00000004   Code   RO         1338    .ARM.Collect$$$$00000001  mc_p.l(entry2.o)
    0x07fc00a4   0x07fc00a4   0x00000004   Code   RO         1341    .ARM.Collect$$$$00000004  mc_p.l(entry5.o)
    0x07fc00a8   0x07fc00a8   0x00000000   Code   RO         1343    .ARM.Collect$$$$00000008  mc_p.l(entry7b.o)
    0x07fc00a8   0x07fc00a8   0x00000000   Code   RO         1345    .ARM.Collect$$$$0000000A  mc_p.l(entry8b.o)
    0x07fc00a8   0x07fc00a8   0x00000008   Code   RO         1346    .ARM.Collect$$$$0000000B  mc_p.l(entry9a.o)
    0x07fc00b0   0x07fc00b0   0x00000004   Code   RO         1353    .ARM.Collect$$$$0000000E  mc_p.l(entry12b.o)
    0x07fc00b4   0x07fc00b4   0x00000000   Code   RO         1348    .ARM.Collect$$$$0000000F  mc_p.l(entry10a.o)
    0x07fc00b4   0x07fc00b4   0x00000000   Code   RO         1350    .ARM.Collect$$$$00000011  mc_p.l(entry11a.o)
    0x07fc00b4   0x07fc00b4   0x00000004   Code   RO         1339    .ARM.Collect$$$$00002712  mc_p.l(entry2.o)
    0x07fc00b8   0x07fc00b8   0x00000048   Code   RO            4    .text               system_da14585_586.o
    0x07fc0100   0x07fc0100   0x00000050   Code   RO           60    .text               startup_da14585_586.o
    0x07fc0150   0x07fc0150   0x00000004   Code   RO           64    .text               exceptions.o
    0x07fc0154   0x07fc0154   0x00000100   Code   RO           75    .text               gpio.o
    0x07fc0254   0x07fc0254   0x00000260   Code   RO          210    .text               uart.o
    0x07fc04b4   0x07fc04b4   0x000001bc   Code   RO          397    .text               adc_58x.o
    0x07fc0670   0x07fc0670   0x00000064   Code   RO          459    .text               hw_otpc_58x.o
    0x07fc06d4   0x07fc06d4   0x00000064   Code   RO         1037    .text               timer0.o
    0x07fc0738   0x07fc0738   0x00000058   Code   RO         1085    .text               systick.o
    0x07fc0790   0x07fc0790   0x000000b8   Code   RO         1129    .text               main.o
    0x07fc0848   0x07fc0848   0x00000050   Code   RO         1172    .text               user_periph_setup.o
    0x07fc0898   0x07fc0898   0x000000b0   Code   RO         1202    .text               arch_system.o
    0x07fc0948   0x07fc0948   0x00000110   Code   RO         1253    .text               adc_read.o
    0x07fc0a58   0x07fc0a58   0x00000204   Code   RO         1275    .text               display.o
    0x07fc0c5c   0x07fc0c5c   0x000000b2   Code   RO         1316    .text               mf_p.l(fadd.o)
    0x07fc0d0e   0x07fc0d0e   0x0000007a   Code   RO         1318    .text               mf_p.l(fmul.o)
    0x07fc0d88   0x07fc0d88   0x0000007c   Code   RO         1320    .text               mf_p.l(fdiv.o)
    0x07fc0e04   0x07fc0e04   0x00000168   Code   RO         1322    .text               mf_p.l(dadd.o)
    0x07fc0f6c   0x07fc0f6c   0x000000d0   Code   RO         1324    .text               mf_p.l(dmul.o)
    0x07fc103c   0x07fc103c   0x0000000e   Code   RO         1326    .text               mf_p.l(ffltui.o)
    0x07fc104a   0x07fc104a   0x00000028   Code   RO         1328    .text               mf_p.l(ffixui.o)
    0x07fc1072   0x07fc1072   0x00000028   Code   RO         1330    .text               mf_p.l(f2d.o)
    0x07fc109a   0x07fc109a   0x00000002   PAD
    0x07fc109c   0x07fc109c   0x00000028   Code   RO         1332    .text               mf_p.l(cdcmple.o)
    0x07fc10c4   0x07fc10c4   0x00000028   Code   RO         1334    .text               mf_p.l(cdrcmple.o)
    0x07fc10ec   0x07fc10ec   0x00000038   Code   RO         1336    .text               mf_p.l(d2f.o)
    0x07fc1124   0x07fc1124   0x00000020   Code   RO         1354    .text               mc_p.l(llshl.o)
    0x07fc1144   0x07fc1144   0x00000026   Code   RO         1356    .text               mc_p.l(llsshr.o)
    0x07fc116a   0x07fc116a   0x00000000   Code   RO         1358    .text               mc_p.l(iusefp.o)
    0x07fc116a   0x07fc116a   0x00000082   Code   RO         1359    .text               mf_p.l(fepilogue.o)
    0x07fc11ec   0x07fc11ec   0x000000be   Code   RO         1361    .text               mf_p.l(depilogue.o)
    0x07fc12aa   0x07fc12aa   0x00000002   PAD
    0x07fc12ac   0x07fc12ac   0x00000024   Code   RO         1365    .text               mc_p.l(init.o)
    0x07fc12d0   0x07fc12d0   0x00000022   Code   RO         1367    .text               mc_p.l(llushr.o)
    0x07fc12f2   0x07fc12f2   0x0000002e   Code   RO         1363    i.__ARM_clz         mf_p.l(depilogue.o)
    0x07fc1320   0x07fc1320   0x0000000e   Code   RO         1371    i.__scatterload_copy  mc_p.l(handlers.o)
    0x07fc132e   0x07fc132e   0x00000002   Code   RO         1372    i.__scatterload_null  mc_p.l(handlers.o)
    0x07fc1330   0x07fc1330   0x0000000e   Code   RO         1373    i.__scatterload_zeroinit  mc_p.l(handlers.o)
    0x07fc133e   0x07fc133e   0x00000002   PAD
    0x07fc1340   0x07fc1340   0x00000018   Data   RO         1173    .constdata          user_periph_setup.o
    0x07fc1358   0x07fc1358   0x00000004   Data   RO         1254    .constdata          adc_read.o
    0x07fc135c   0x07fc135c   0x0000001c   Data   RO         1276    .constdata          display.o
    0x07fc1378   0x07fc1378   0x00000020   Data   RO         1369    Region$$Table       anon$$obj.o


    Execution Region RW_IRAM1 (Exec base: 0x07fc8000, Load base: 0x07fc1398, Size: 0x00000698, Max: 0x00004000, ABSOLUTE)

    Exec Addr    Load Addr    Size         Type   Attr      Idx    E Section Name        Object

    0x07fc8000   0x07fc1398   0x00000014   Data   RW         1130    .data               main.o
    0x07fc8014   0x07fc13ac   0x00000002   Data   RW         1255    .data               adc_read.o
    0x07fc8016   0x07fc13ae   0x0000001f   Data   RW         1277    .data               display.o
    0x07fc8035   0x07fc13cd   0x00000003   PAD
    0x07fc8038        -       0x00000600   Zero   RW           57    STACK               startup_da14585_586.o
    0x07fc8638        -       0x00000014   Zero   RW           88    retention_mem_area0  gpio.o
    0x07fc864c        -       0x00000040   Zero   RW          226    retention_mem_area0  uart.o
    0x07fc868c        -       0x00000004   Zero   RW          404    retention_mem_area0  adc_58x.o
    0x07fc8690        -       0x00000004   Zero   RW         1041    retention_mem_area0  timer0.o
    0x07fc8694        -       0x00000004   Zero   RW         1089    retention_mem_area0  systick.o


==============================================================================

Image component sizes


      Code (inc. data)   RO Data    RW Data    ZI Data      Debug   Object Name

       444         22          0          0          4      13672   adc_58x.o
       272         54          4          2          0        871   adc_read.o
       176         18          0          0          0       3342   arch_system.o
         0          0          0          0          0       1008   battery.o
       516         24         28         31          0       4273   display.o
         4          0          0          0          0        586   exceptions.o
       256         16          0          0         20      22644   gpio.o
       100         10          0          0          0       4175   hw_otpc_58x.o
       184         18          0         20          0       1015   main.o
        80         16        160          0       1536        764   startup_da14585_586.o
        72          8          0          0          0     145613   system_da14585_586.o
        88         10          0          0          4       1802   systick.o
       100         18          0          0          4      11276   timer0.o
       608         12          0          0         64      16553   uart.o
        80         12         24          0          0       3838   user_periph_setup.o

    ----------------------------------------------------------------------
      2980        238        248         56       1632     231432   Object Totals
         0          0         32          0          0          0   (incl. Generated)
         0          0          0          3          0          0   (incl. Padding)

    ----------------------------------------------------------------------

      Code (inc. data)   RO Data    RW Data    ZI Data      Debug   Library Member Name

         0          0          0          0          0          0   entry.o
         0          0          0          0          0          0   entry10a.o
         0          0          0          0          0          0   entry11a.o
         4          0          0          0          0          0   entry12b.o
         8          4          0          0          0          0   entry2.o
         4          0          0          0          0          0   entry5.o
         0          0          0          0          0          0   entry7b.o
         0          0          0          0          0          0   entry8b.o
         8          4          0          0          0          0   entry9a.o
        30          0          0          0          0          0   handlers.o
        36          8          0          0          0         68   init.o
         0          0          0          0          0          0   iusefp.o
        32          0          0          0          0         68   llshl.o
        38          0          0          0          0         68   llsshr.o
        34          0          0          0          0         68   llushr.o
        40          2          0          0          0         68   cdcmple.o
        40          2          0          0          0         68   cdrcmple.o
        56          0          0          0          0         68   d2f.o
       360          6          0          0          0        140   dadd.o
       236          0          0          0          0        216   depilogue.o
       208          6          0          0          0         88   dmul.o
        40          0          0          0          0         60   f2d.o
       178          0          0          0          0        108   fadd.o
       124          0          0          0          0         72   fdiv.o
       130          0          0          0          0        144   fepilogue.o
        40          0          0          0          0         60   ffixui.o
        14          0          0          0          0         68   ffltui.o
       122          0          0          0          0         72   fmul.o

    ----------------------------------------------------------------------
      1788         32          0          0          0       1504   Library Totals
         6          0          0          0          0          0   (incl. Padding)

    ----------------------------------------------------------------------

      Code (inc. data)   RO Data    RW Data    ZI Data      Debug   Library Name

       194         16          0          0          0        272   mc_p.l
      1588         16          0          0          0       1232   mf_p.l

    ----------------------------------------------------------------------
      1788         32          0          0          0       1504   Library Totals

    ----------------------------------------------------------------------

==============================================================================


      Code (inc. data)   RO Data    RW Data    ZI Data      Debug   

      4768        270        248         56       1632     231400   Grand Totals
      4768        270        248         56       1632     231400   ELF Image Totals
      4768        270        248         56          0          0   ROM Totals

==============================================================================

    Total RO  Size (Code + RO Data)                 5016 (   4.90kB)
    Total RW  Size (RW Data + ZI Data)              1688 (   1.65kB)
    Total ROM Size (Code + RO Data + RW Data)       5072 (   4.95kB)

==============================================================================

